Component: Arm Compiler for Embedded 6.23 Tool: armlink [5f102400]

==============================================================================

Section Cross References

    hardcoded_input.o(.text.main) refers to hash.o(HASH_FUNC) for compute_hash
    hardcoded_input.o(.text.main) refers to sum_mod.o(SumMod7) for sum_and_mod7
    hardcoded_input.o(.text.main) refers to fibonacci.o(Fibonacci) for fibonacci
    hardcoded_input.o(.text.main) refers to bonus.o(Checksum) for compute_checksum
    hardcoded_input.o(.text.main) refers to hardcoded_input.o(.rodata.str1.1) for .L.str
    hardcoded_input.o(.text.main) refers to printf.o(.text) for printf
    hardcoded_input.o(.text.main) refers to sum_mod.o(REDUCTION_DATA) for reduction_result
    hardcoded_input.o(.ARM.exidx.text.main) refers to hardcoded_input.o(.text.main) for [Anonymous Symbol]
    adc.o(.text.adc_init) refers to h1_alloc.o(.text) for malloc
    adc.o(.text.adc_init) refers to adc.o(.bss.aPA_0) for aPA_0
    adc.o(.text.adc_init) refers to adc.o(.text.analogin_init) for analogin_init
    adc.o(.text.adc_init) refers to adc.o(.bss.aPA_1) for aPA_1
    adc.o(.text.adc_init) refers to adc.o(.bss.aPA_2) for aPA_2
    adc.o(.text.adc_init) refers to adc.o(.bss.aPA_3) for aPA_3
    adc.o(.text.adc_init) refers to adc.o(.bss.aPA_4) for aPA_4
    adc.o(.text.adc_init) refers to adc.o(.bss.aPA_5) for aPA_5
    adc.o(.text.adc_init) refers to adc.o(.bss.aPA_6) for aPA_6
    adc.o(.text.adc_init) refers to adc.o(.bss.aPA_7) for aPA_7
    adc.o(.text.adc_init) refers to adc.o(.bss.aPB_0) for aPB_0
    adc.o(.text.adc_init) refers to adc.o(.bss.aPB_1) for aPB_1
    adc.o(.text.adc_init) refers to adc.o(.bss.aPC_0) for aPC_0
    adc.o(.text.adc_init) refers to adc.o(.bss.aPC_1) for aPC_1
    adc.o(.text.adc_init) refers to adc.o(.bss.aPC_2) for aPC_2
    adc.o(.text.adc_init) refers to adc.o(.bss.aPC_3) for aPC_3
    adc.o(.text.adc_init) refers to adc.o(.bss.aPC_4) for aPC_4
    adc.o(.text.adc_init) refers to adc.o(.bss.aPC_5) for aPC_5
    adc.o(.ARM.exidx.text.adc_init) refers to adc.o(.text.adc_init) for [Anonymous Symbol]
    adc.o(.text.analogin_init) refers to adc.o(.text.pinmap_peripheral) for pinmap_peripheral
    adc.o(.text.analogin_init) refers to adc.o(.text.pinmap_function) for pinmap_function
    adc.o(.text.analogin_init) refers to adc.o(.text.pinmap_pinout) for pinmap_pinout
    adc.o(.text.analogin_init) refers to adc.o(.bss.adc_inited) for adc_inited
    adc.o(.text.analogin_init) refers to adc.o(.bss.AdcHandle) for AdcHandle
    adc.o(.text.analogin_init) refers to adc.o(.text._ADC_Init) for _ADC_Init
    adc.o(.ARM.exidx.text.analogin_init) refers to adc.o(.text.analogin_init) for [Anonymous Symbol]
    adc.o(.text.pinmap_find_peripheral) refers to adc.o(.rodata.PinMap_ADC) for PinMap_ADC
    adc.o(.ARM.exidx.text.pinmap_find_peripheral) refers to adc.o(.text.pinmap_find_peripheral) for [Anonymous Symbol]
    adc.o(.text.pinmap_peripheral) refers to adc.o(.text.pinmap_find_peripheral) for pinmap_find_peripheral
    adc.o(.ARM.exidx.text.pinmap_peripheral) refers to adc.o(.text.pinmap_peripheral) for [Anonymous Symbol]
    adc.o(.text.pinmap_function) refers to adc.o(.text.pinmap_find_function) for pinmap_find_function
    adc.o(.ARM.exidx.text.pinmap_function) refers to adc.o(.text.pinmap_function) for [Anonymous Symbol]
    adc.o(.text.pinmap_pinout) refers to adc.o(.rodata.PinMap_ADC) for PinMap_ADC
    adc.o(.text.pinmap_pinout) refers to adc.o(.text.pin_function) for pin_function
    adc.o(.ARM.exidx.text.pinmap_pinout) refers to adc.o(.text.pinmap_pinout) for [Anonymous Symbol]
    adc.o(.text._ADC_Init) refers to adc.o(.text.local_ADC_Init) for local_ADC_Init
    adc.o(.ARM.exidx.text._ADC_Init) refers to adc.o(.text._ADC_Init) for [Anonymous Symbol]
    adc.o(.ARM.exidx.text.local_ADC_Init) refers to adc.o(.text.local_ADC_Init) for [Anonymous Symbol]
    adc.o(.text.pinmap_find_function) refers to adc.o(.rodata.PinMap_ADC) for PinMap_ADC
    adc.o(.ARM.exidx.text.pinmap_find_function) refers to adc.o(.text.pinmap_find_function) for [Anonymous Symbol]
    adc.o(.text.pin_function) refers to adc.o(.rodata.gpio_mode) for gpio_mode
    adc.o(.text.pin_function) refers to adc.o(.text._GPIO_Init) for _GPIO_Init
    adc.o(.ARM.exidx.text.pin_function) refers to adc.o(.text.pin_function) for [Anonymous Symbol]
    adc.o(.ARM.exidx.text._GPIO_Init) refers to adc.o(.text._GPIO_Init) for [Anonymous Symbol]
    adc.o(.text.adc_read) refers to adc.o(.bss.aPA_0) for aPA_0
    adc.o(.text.adc_read) refers to adc.o(.text._adc_read) for _adc_read
    adc.o(.text.adc_read) refers to adc.o(.bss.aPA_1) for aPA_1
    adc.o(.text.adc_read) refers to adc.o(.bss.aPA_2) for aPA_2
    adc.o(.text.adc_read) refers to adc.o(.bss.aPA_3) for aPA_3
    adc.o(.text.adc_read) refers to adc.o(.bss.aPA_4) for aPA_4
    adc.o(.text.adc_read) refers to adc.o(.bss.aPA_5) for aPA_5
    adc.o(.text.adc_read) refers to adc.o(.bss.aPA_6) for aPA_6
[...]
    .ARM.Collect$$libinit$$00000025          0x080002f2   Section        0  libinit2.o(.ARM.Collect$$libinit$$00000025)
    .ARM.Collect$$libinit$$00000026          0x080002f2   Section        4  libinit2.o(.ARM.Collect$$libinit$$00000026)
    .ARM.Collect$$libinit$$00000027          0x080002f6   Section        0  libinit2.o(.ARM.Collect$$libinit$$00000027)
    .ARM.Collect$$libinit$$0000002E          0x080002f6   Section        0  libinit2.o(.ARM.Collect$$libinit$$0000002E)
    .ARM.Collect$$libinit$$00000030          0x080002f6   Section        0  libinit2.o(.ARM.Collect$$libinit$$00000030)
    .ARM.Collect$$libinit$$00000032          0x080002f6   Section        0  libinit2.o(.ARM.Collect$$libinit$$00000032)
    .ARM.Collect$$libinit$$00000034          0x080002f6   Section        0  libinit2.o(.ARM.Collect$$libinit$$00000034)
    .ARM.Collect$$libinit$$00000035          0x080002f6   Section        2  libinit2.o(.ARM.Collect$$libinit$$00000035)
    .ARM.Collect$$libshutdown$$00000000      0x080002f8   Section        2  libshutdown.o(.ARM.Collect$$libshutdown$$00000000)
    .ARM.Collect$$libshutdown$$00000002      0x080002fa   Section        0  libshutdown2.o(.ARM.Collect$$libshutdown$$00000002)
    .ARM.Collect$$libshutdown$$00000003      0x080002fa   Section        4  libshutdown2.o(.ARM.Collect$$libshutdown$$00000003)
    .ARM.Collect$$libshutdown$$00000004      0x080002fe   Section        0  libshutdown2.o(.ARM.Collect$$libshutdown$$00000004)
    .ARM.Collect$$libshutdown$$00000007      0x080002fe   Section        0  libshutdown2.o(.ARM.Collect$$libshutdown$$00000007)
    .ARM.Collect$$libshutdown$$0000000A      0x080002fe   Section        0  libshutdown2.o(.ARM.Collect$$libshutdown$$0000000A)
    .ARM.Collect$$libshutdown$$0000000C      0x080002fe   Section        0  libshutdown2.o(.ARM.Collect$$libshutdown$$0000000C)
    .ARM.Collect$$libshutdown$$0000000F      0x080002fe   Section        0  libshutdown2.o(.ARM.Collect$$libshutdown$$0000000F)
    .ARM.Collect$$libshutdown$$00000010      0x080002fe   Section        2  libshutdown2.o(.ARM.Collect$$libshutdown$$00000010)
    .ARM.Collect$$rtentry$$00000000          0x08000300   Section        0  __rtentry.o(.ARM.Collect$$rtentry$$00000000)
    .ARM.Collect$$rtentry$$00000002          0x08000300   Section        0  __rtentry2.o(.ARM.Collect$$rtentry$$00000002)
    .ARM.Collect$$rtentry$$00000004          0x08000300   Section        6  __rtentry4.o(.ARM.Collect$$rtentry$$00000004)
    .ARM.Collect$$rtentry$$00000009          0x08000306   Section        0  __rtentry2.o(.ARM.Collect$$rtentry$$00000009)
    .ARM.Collect$$rtentry$$0000000A          0x08000306   Section        4  __rtentry2.o(.ARM.Collect$$rtentry$$0000000A)
    .ARM.Collect$$rtentry$$0000000C          0x0800030a   Section        0  __rtentry2.o(.ARM.Collect$$rtentry$$0000000C)
    .ARM.Collect$$rtentry$$0000000D          0x0800030a   Section        8  __rtentry2.o(.ARM.Collect$$rtentry$$0000000D)
    .ARM.Collect$$rtexit$$00000000           0x08000312   Section        2  rtexit.o(.ARM.Collect$$rtexit$$00000000)
    .ARM.Collect$$rtexit$$00000002           0x08000314   Section        0  rtexit2.o(.ARM.Collect$$rtexit$$00000002)
    .ARM.Collect$$rtexit$$00000003           0x08000314   Section        4  rtexit2.o(.ARM.Collect$$rtexit$$00000003)
    .ARM.Collect$$rtexit$$00000004           0x08000318   Section        6  rtexit2.o(.ARM.Collect$$rtexit$$00000004)
    $v0                                      0x08000320   Number         0  startup_stm32f411xe.o(.text)
    .text                                    0x08000320   Section       64  startup_stm32f411xe.o(.text)
    .text                                    0x08000360   Section        0  h1_alloc.o(.text)
    .text                                    0x080003c0   Section        0  printf.o(.text)
    .text                                    0x080003d8   Section      124  strcmpv7em.o(.text)
    .text                                    0x08000454   Section        0  heapauxi.o(.text)
    .text                                    0x0800045c   Section        8  rt_heap_descriptor_intlibspace.o(.text)
    .text                                    0x08000464   Section        0  hguard.o(.text)
    .text                                    0x08000468   Section        0  init_alloc.o(.text)
    .text                                    0x080004f2   Section        0  h1_init.o(.text)
    .text                                    0x080004fe   Section        0  h1_free.o(.text)
    .text                                    0x0800054c   Section        0  _printf_pad.o(.text)
    .text                                    0x0800059a   Section        0  _printf_truncate.o(.text)
    .text                                    0x080005be   Section        0  _printf_str.o(.text)
    .text                                    0x08000610   Section        0  _printf_dec.o(.text)
    .text                                    0x08000688   Section        0  _printf_charcount.o(.text)
    .text                                    0x080006b0   Section        0  _printf_char_file.o(.text)
    .text                                    0x080006d4   Section        0  _printf_wctomb.o(.text)
    .text                                    0x08000790   Section        0  _printf_longlong_dec.o(.text)
    _printf_longlong_oct_internal            0x0800080d   Thumb Code     0  _printf_oct_int_ll.o(.text)
    .text                                    0x0800080c   Section        0  _printf_oct_int_ll.o(.text)
    _printf_hex_common                       0x0800087d   Thumb Code     0  _printf_hex_int_ll_ptr.o(.text)
    .text                                    0x0800087c   Section        0  _printf_hex_int_ll_ptr.o(.text)
    .text                                    0x08000910   Section        0  __printf_flags_ss_wp.o(.text)
    .text                                    0x08000a98   Section        0  sys_exit.o(.text)
    .text                                    0x08000aa4   Section        8  libspace.o(.text)
    .text                                    0x08000aac   Section        0  maybetermalloc1.o(.text)
    .text                                    0x08000aac   Section        0  h1_extend.o(.text)
    .text                                    0x08000ae0   Section      138  lludiv10.o(.text)
    .text                                    0x08000b6a   Section        0  _printf_intcommon.o(.text)
    _fp_digits                               0x08000c1d   Thumb Code   432  _printf_fp_dec.o(.text)
    .text                                    0x08000c1c   Section        0  _printf_fp_dec.o(.text)
    .text                                    0x08001038   Section        0  _printf_fp_hex.o(.text)
    _printf_input_char                       0x08001335   Thumb Code    10  _printf_char_common.o(.text)
    .text                                    0x08001334   Section        0  _printf_char_common.o(.text)
    .text                                    0x08001364   Section        0  _printf_char.o(.text)
    .text                                    0x08001390   Section        0  _printf_wchar.o(.text)
    .text                                    0x080013bc   Section        0  ferror.o(.text)
    .text                                    0x080013c4   Section        0  initio.o(.text)
    .text                                    0x080014fc   Section        0  _c16rtomb.o(.text)
    .text                                    0x08001544   Section        0  defsig_rtmem_outer.o(.text)
    .text                                    0x08001552   Section       78  rt_memclr_w.o(.text)
    .text                                    0x080015a0   Section        2  use_no_semi.o(.text)
    .text                                    0x080015a2   Section        0  indicate_semi.o(.text)
    .text                                    0x080015a2   Section       74  sys_stackheap_outer.o(.text)
    .text                                    0x080015ec   Section       16  rt_ctype_table.o(.text)
    .text                                    0x080015fc   Section        8  rt_locale_intlibspace.o(.text)
    .text                                    0x08001604   Section        0  _printf_fp_infnan.o(.text)
    .text                                    0x08001684   Section        0  bigflt0.o(.text)
    .text                                    0x08001768   Section        0  flsbuf.o(.text)
    .text                                    0x0800194a   Section        0  setvbuf.o(.text)
    _freopen_locked                          0x08001991   Thumb Code     0  fopen.o(.text)
    .text                                    0x08001990   Section        0  fopen.o(.text)
    .text                                    0x08001a80   Section        0  fclose.o(.text)
    .text                                    0x08001acc   Section        0  exit.o(.text)
    .text                                    0x08001ade   Section        0  defsig_exit.o(.text)
    .text                                    0x08001ae8   Section        0  defsig_rtred_outer.o(.text)
    .text                                    0x08001af8   Section        0  defsig_rtmem_inner.o(.text)
    .text                                    0x08001b48   Section        0  fseek.o(.text)
    .text                                    0x08001c40   Section        0  stdio.o(.text)
    .text                                    0x08001d48   Section        0  defsig_general.o(.text)
    .text                                    0x08001d7c   Section        0  defsig_rtred_inner.o(.text)
    .text                                    0x08001db0   Section        0  sys_wrch.o(.text)
    .text                                    0x08001dbe   Section        0  ftell.o(.text)
    .text                                    0x08001e00   Section        8  rt_errno_addr_intlibspace.o(.text)
    [Anonymous Symbol]                       0x08001e08   Section        0  gpio.o(.text.EXTI0_IRQHandler)
    [Anonymous Symbol]                       0x08001e8c   Section        0  gpio.o(.text.EXTI15_10_IRQHandler)
    [Anonymous Symbol]                       0x08001f10   Section        0  gpio.o(.text.EXTI1_IRQHandler)
    [Anonymous Symbol]                       0x08001f94   Section        0  gpio.o(.text.EXTI2_IRQHandler)
    [Anonymous Symbol]                       0x08002018   Section        0  gpio.o(.text.EXTI3_IRQHandler)
    [Anonymous Symbol]                       0x0800209c   Section        0  gpio.o(.text.EXTI4_IRQHandler)
    [Anonymous Symbol]                       0x08002120   Section        0  gpio.o(.text.EXTI9_5_IRQHandler)
    ITM_SendChar                             0x080021a5   Thumb Code    68  stderr_itm.o(.text.ITM_SendChar)
    [Anonymous Symbol]                       0x080021a4   Section        0  stderr_itm.o(.text.ITM_SendChar)
    ITM_SendChar                             0x080021e9   Thumb Code    68  stdout_itm.o(.text.ITM_SendChar)
    [Anonymous Symbol]                       0x080021e8   Section        0  stdout_itm.o(.text.ITM_SendChar)
    [Anonymous Symbol]                       0x0800222c   Section        0  timer.o(.text.SysTick_Handler)
    [Anonymous Symbol]                       0x0800223c   Section        0  system_stm32f4xx.o(.text.SystemInit)
    [Anonymous Symbol]                       0x08002250   Section        0  uart.o(.text.USART2_IRQHandler)
    [Anonymous Symbol]                       0x08002288   Section        0  stm32f4xx_usart.o(.text.USART_GetFlagStatus)
    [Anonymous Symbol]                       0x080022cc   Section        0  stm32f4xx_usart.o(.text.USART_ReceiveData)
    __NVIC_ClearPendingIRQ                   0x080022dd   Thumb Code    48  gpio.o(.text.__NVIC_ClearPendingIRQ)
    [Anonymous Symbol]                       0x080022dc   Section        0  gpio.o(.text.__NVIC_ClearPendingIRQ)
    __NVIC_ClearPendingIRQ                   0x0800230d   Thumb Code    48  uart.o(.text.__NVIC_ClearPendingIRQ)
    [Anonymous Symbol]                       0x0800230c   Section        0  uart.o(.text.__NVIC_ClearPendingIRQ)
    [Anonymous Symbol]                       0x0800233c   Section        0  retarget_io.o(.text._sys_close)
    [Anonymous Symbol]                       0x08002388   Section        0  retarget_io.o(.text._sys_flen)
    [Anonymous Symbol]                       0x080023d4   Section        0  retarget_io.o(.text._sys_istty)
    [Anonymous Symbol]                       0x0800241c   Section        0  retarget_io.o(.text._sys_open)
    [Anonymous Symbol]                       0x080024a0   Section        0  retarget_io.o(.text._sys_seek)
    [Anonymous Symbol]                       0x080024f4   Section        0  retarget_io.o(.text._sys_write)
    [Anonymous Symbol]                       0x0800258c   Section        0  hardcoded_input.o(.text.main)
    [Anonymous Symbol]                       0x08002614   Section        0  stderr_itm.o(.text.stderr_putchar)
    [Anonymous Symbol]                       0x08002624   Section        0  stdout_itm.o(.text.stdout_putchar)
    [Anonymous Symbol]                       0x08002634   Section        0  uart.o(.text.uart_rx)
    CL$$btod_d2e                             0x08002666   Section       62  btod.o(CL$$btod_d2e)
    CL$$btod_d2e_denorm_low                  0x080026a4   Section       70  btod.o(CL$$btod_d2e_denorm_low)
    CL$$btod_d2e_norm_op1                    0x080026ea   Section       96  btod.o(CL$$btod_d2e_norm_op1)
    CL$$btod_div_common                      0x0800274c   Section      824  btod.o(CL$$btod_div_common)
    CL$$btod_e2e                             0x08002a84   Section      220  btod.o(CL$$btod_e2e)
    CL$$btod_ediv                            0x08002b60   Section       42  btod.o(CL$$btod_ediv)
    CL$$btod_emul                            0x08002b8a   Section       42  btod.o(CL$$btod_emul)
    CL$$btod_mult_common                     0x08002bb4   Section      580  btod.o(CL$$btod_mult_common)
    $v0                                      0x08002df8   Number         0  bonus.o(Checksum)
    Checksum                                 0x08002df8   Section       36  bonus.o(Checksum)
    $v0                                      0x08002e1c   Number         0  fibonacci.o(Fibonacci)
    Fibonacci                                0x08002e1c   Section       42  fibonacci.o(Fibonacci)
    $v0                                      0x08002e48   Number         0  hash.o(HASH_FUNC)
    HASH_FUNC                                0x08002e48   Section      116  hash.o(HASH_FUNC)
    digit_table                              0x08002eac   Data          10  hash.o(HASH_FUNC)
    $v0                                      0x08002ebc   Number         0  sum_mod.o(SumMod7)
    SumMod7                                  0x08002ebc   Section       60  sum_mod.o(SumMod7)
    i.__ARM_fpclassify                       0x08002ef8   Section        0  fpclassify.o(i.__ARM_fpclassify)
    i._is_digit                              0x08002f28   Section        0  __printf_wp.o(i._is_digit)
    i.fputc                                  0x08002f36   Section        0  fputc.o(i.fputc)
    locale$$code                             0x08002f54   Section       44  lc_numeric_c.o(locale$$code)
    locale$$code                             0x08002f80   Section       44  lc_ctype_c.o(locale$$code)
    $v0                                      0x08002fac   Number         0  fpinit.o(x$fpl$fpinit)
    x$fpl$fpinit                             0x08002fac   Section       26  fpinit.o(x$fpl$fpinit)
    $v0                                      0x08002fc6   Number         0  printf1.o(x$fpl$printf1)
    x$fpl$printf1                            0x08002fc6   Section        4  printf1.o(x$fpl$printf1)
    $v0                                      0x08002fca   Number         0  printf2.o(x$fpl$printf2)
    x$fpl$printf2                            0x08002fca   Section        4  printf2.o(x$fpl$printf2)
    x$fpl$usenofp                            0x08002fce   Section        0  usenofp.o(x$fpl$usenofp)
    initial_mbstate                          0x08002fd0   Data           8  _printf_wctomb.o(.constdata)
    .constdata                               0x08002fd0   Section        8  _printf_wctomb.o(.constdata)
    uc_hextab                                0x08002fd8   Data          20  _printf_hex_int_ll_ptr.o(.constdata)
    .constdata                               0x08002fd8   Section       40  _printf_hex_int_ll_ptr.o(.constdata)
    lc_hextab                                0x08002fec   Data          20  _printf_hex_int_ll_ptr.o(.constdata)
    maptable                                 0x08003000   Data          17  __printf_flags_ss_wp.o(.constdata)
    .constdata                               0x08003000   Section       17  __printf_flags_ss_wp.o(.constdata)
    lc_hextab                                0x08003011   Data          19  _printf_fp_hex.o(.constdata)
    .constdata                               0x08003011   Section       38  _printf_fp_hex.o(.constdata)
    uc_hextab                                0x08003024   Data          19  _printf_fp_hex.o(.constdata)
    tenpwrs_x                                0x08003038   Data          60  bigflt0.o(.constdata)
    .constdata                               0x08003038   Section      148  bigflt0.o(.constdata)
    tenpwrs_i                                0x08003074   Data          64  bigflt0.o(.constdata)
    .L.str.2                                 0x080030e3   Data          46  hardcoded_input.o(.rodata.str1.1)
    [Anonymous Symbol]                       0x080030e3   Section        0  hardcoded_input.o(.rodata.str1.1)
    .L.str.1                                 0x08003111   Data          10  hardcoded_input.o(.rodata.str1.1)
    .L.str.3                                 0x0800311b   Data          28  hardcoded_input.o(.rodata.str1.1)
    .L.str                                   0x08003137   Data          11  hardcoded_input.o(.rodata.str1.1)
    .L.str                                   0x08003142   Data           7  retarget_io.o(.rodata.str1.1)
    [Anonymous Symbol]                       0x08003142   Section        0  retarget_io.o(.rodata.str1.1)
    .L.str.2                                 0x08003149   Data           8  retarget_io.o(.rodata.str1.1)
    .L.str.1                                 0x08003151   Data           8  retarget_io.o(.rodata.str1.1)
    locale$$data                             0x0800317c   Section       28  lc_numeric_c.o(locale$$data)
    __lcnum_c_name                           0x08003180   Data           2  lc_numeric_c.o(locale$$data)
    __lcnum_c_start                          0x08003188   Data           0  lc_numeric_c.o(locale$$data)
    __lcnum_c_point                          0x08003194   Data           0  lc_numeric_c.o(locale$$data)
    __lcnum_c_thousands                      0x08003196   Data           0  lc_numeric_c.o(locale$$data)
    __lcnum_c_grouping                       0x08003197   Data           0  lc_numeric_c.o(locale$$data)
    __lcnum_c_end                            0x08003198   Data           0  lc_numeric_c.o(locale$$data)
    locale$$data                             0x08003198   Section      272  lc_ctype_c.o(locale$$data)
    __lcctype_c_name                         0x0800319c   Data           2  lc_ctype_c.o(locale$$data)
    __lcctype_c_start                        0x080031a4   Data           0  lc_ctype_c.o(locale$$data)
    __lcctype_c_end                          0x080032a8   Data           0  lc_ctype_c.o(locale$$data)
    .data                                    0x20000000   Section        4  stdio_streams.o(.data)
    .data                                    0x20000004   Section        4  stdio_streams.o(.data)
    .data                                    0x20000008   Section        4  stdio_streams.o(.data)
    CHECKSUM_DATA                            0x2000000c   Section        4  bonus.o(CHECKSUM_DATA)
    REDUCTION_DATA                           0x20000010   Section        4  sum_mod.o(REDUCTION_DATA)
    .bss                                     0x20000018   Section       84  stdio_streams.o(.bss)
    .bss                                     0x2000006c   Section       84  stdio_streams.o(.bss)
    .bss                                     0x200000c0   Section       84  stdio_streams.o(.bss)
    .bss                                     0x20000114   Section       96  libspace.o(.bss)
    GPIO_callback                            0x20000174   Data           4  gpio.o(.bss.GPIO_callback)
    [Anonymous Symbol]                       0x20000174   Section        0  gpio.o(.bss.GPIO_callback)
    UART_callback                            0x20000184   Data           4  uart.o(.bss.UART_callback)
    [Anonymous Symbol]                       0x20000184   Section        0  uart.o(.bss.UART_callback)
    timer_callback                           0x20000188   Data           4  timer.o(.bss.timer_callback)
    [Anonymous Symbol]                       0x20000188   Section        0  timer.o(.bss.timer_callback)
    Heap_Mem                                 0x20000190   Data         512  startup_stm32f411xe.o(HEAP)
    HEAP                                     0x20000190   Section      512  startup_stm32f411xe.o(HEAP)
    Stack_Mem                                0x20000390   Data        1024  startup_stm32f411xe.o(STACK)
    STACK                                    0x20000390   Section     1024  startup_stm32f411xe.o(STACK)
    __initial_sp                             0x20000790   Data           0  startup_stm32f411xe.o(STACK)

    Global Symbols

    Symbol Name                              Value     Ov Type        Size  Object(Section)

    BuildAttributes$$THM_ISAv4$E$P$D$K$B$S$7EM$VFPi3$EXTD16$VFPS$VFMA$PE$A:L22UL41UL21$X:L11$S22US41US21$IEEE1$IW$~IW$USESV6$~STKCKD$USESV7$~SHL$OTIME$ROPI$IEEEJ$EBA8$UX$STANDARDLIB$REQ8$EABIv2 0x00000000   Number         0  anon$$obj.o ABSOLUTE
    _printf_flags                            0x00000000   Number         0  printf_stubs.o ABSOLUTE
    _printf_return_value                     0x00000000   Number         0  printf_stubs.o ABSOLUTE
    _printf_sizespec                         0x00000000   Number         0  printf_stubs.o ABSOLUTE
    _printf_widthprec                        0x00000000   Number         0  printf_stubs.o ABSOLUTE
    SHT$$ARM_EXIDX$$Base                      - Undefined Reference
    SHT$$ARM_EXIDX$$Limit                     - Undefined Reference
    __ARM_exceptions_init                     - Undefined Weak Reference
    __alloca_initialize                       - Undefined Weak Reference
    __arm_find_exidx_section                  - Undefined Weak Reference
    __arm_preinit_                            - Undefined Weak Reference
    __arm_relocate_pie_                       - Undefined Weak Reference
    __cpp_initialize__aeabi_                  - Undefined Weak Reference
    __cxa_finalize                            - Undefined Weak Reference
    __sigvec_lookup                           - Undefined Weak Reference
    __user_heap_extent                        - Undefined Weak Reference
    _atexit_init                              - Undefined Weak Reference
    _call_atexit_fns                          - Undefined Weak Reference
    _clock_init                               - Undefined Weak Reference
    _fp_trap_init                             - Undefined Weak Reference
    _fp_trap_shutdown                         - Undefined Weak Reference
    _get_lc_collate                           - Undefined Weak Reference
    _get_lc_monetary                          - Undefined Weak Reference
    _get_lc_time                              - Undefined Weak Reference
    _getenv_init                              - Undefined Weak Reference
    _handle_redirection                       - Undefined Weak Reference
    _mutex_acquire                            - Undefined Weak Reference
    _mutex_free                               - Undefined Weak Reference
    _mutex_release                            - Undefined Weak Reference
    _printf_mbtowc                            - Undefined Weak Reference
    _printf_wc                                - Undefined Weak Reference
    _rand_init                                - Undefined Weak Reference
    _signal_finish                            - Undefined Weak Reference
    _signal_init                              - Undefined Weak Reference
    __Vectors_Size                           0x00000198   Number         0  startup_stm32f411xe.o ABSOLUTE
    __Vectors                                0x08000000   Data           4  startup_stm32f411xe.o(RESET)
    __Vectors_End                            0x08000198   Data           0  startup_stm32f411xe.o(RESET)
    __main                                   0x08000199   Thumb Code     8  __main.o(!!!main)
    __scatterload                            0x080001a1   Thumb Code     0  __scatter.o(!!!scatter)
    __scatterload_rt2                        0x080001a1   Thumb Code    84  __scatter.o(!!!scatter)
    __scatterload_rt2_thumb_only             0x080001a1   Thumb Code     0  __scatter.o(!!!scatter)
    __scatterload_loop                       0x080001ab   Thumb Code     0  __scatter.o(!!!scatter)
    __scatterload_copy                       0x080001fd   Thumb Code    26  __scatter_copy.o(!!handler_copy)
    __scatterload_null                       0x08000219   Thumb Code     2  __scatter.o(!!handler_null)
    __scatterload_zeroinit                   0x0800021d   Thumb Code    28  __scatter_zi.o(!!handler_zi)
    _printf_n                                0x08000239   Thumb Code     0  _printf_n.o(.ARM.Collect$$_printf_percent$$00000001)
    _printf_percent                          0x08000239   Thumb Code     0  _printf_percent.o(.ARM.Collect$$_printf_percent$$00000000)
    _printf_p                                0x0800023f   Thumb Code     0  _printf_p.o(.ARM.Collect$$_printf_percent$$00000002)
    _printf_f                                0x08000245   Thumb Code     0  _printf_f.o(.ARM.Collect$$_printf_percent$$00000003)
    _printf_e                                0x0800024b   Thumb Code     0  _printf_e.o(.ARM.Collect$$_printf_percent$$00000004)
    _printf_g                                0x08000251   Thumb Code     0  _printf_g.o(.ARM.Collect$$_printf_percent$$00000005)
    _printf_a                                0x08000257   Thumb Code     0  _printf_a.o(.ARM.Collect$$_printf_percent$$00000006)
    _printf_ll                               0x0800025d   Thumb Code     0  _printf_ll.o(.ARM.Collect$$_printf_percent$$00000007)
    _printf_i                                0x08000267   Thumb Code     0  _printf_i.o(.ARM.Collect$$_printf_percent$$00000008)
    _printf_d                                0x0800026d   Thumb Code     0  _printf_d.o(.ARM.Collect$$_printf_percent$$00000009)
    _printf_u                                0x08000273   Thumb Code     0  _printf_u.o(.ARM.Collect$$_printf_percent$$0000000A)
    _printf_o                                0x08000279   Thumb Code     0  _printf_o.o(.ARM.Collect$$_printf_percent$$0000000B)
    _printf_x                                0x0800027f   Thumb Code     0  _printf_x.o(.ARM.Collect$$_printf_percent$$0000000C)
    _printf_lli                              0x08000285   Thumb Code     0  _printf_lli.o(.ARM.Collect$$_printf_percent$$0000000D)
    _printf_lld                              0x0800028b   Thumb Code     0  _printf_lld.o(.ARM.Collect$$_printf_percent$$0000000E)
    _printf_llu                              0x08000291   Thumb Code     0  _printf_llu.o(.ARM.Collect$$_printf_percent$$0000000F)
    _printf_llo                              0x08000297   Thumb Code     0  _printf_llo.o(.ARM.Collect$$_printf_percent$$00000010)
    _printf_llx                              0x0800029d   Thumb Code     0  _printf_llx.o(.ARM.Collect$$_printf_percent$$00000011)
    _printf_l                                0x080002a3   Thumb Code     0  _printf_l.o(.ARM.Collect$$_printf_percent$$00000012)
    _printf_c                                0x080002ad   Thumb Code     0  _printf_c.o(.ARM.Collect$$_printf_percent$$00000013)
    _printf_s                                0x080002b3   Thumb Code     0  _printf_s.o(.ARM.Collect$$_printf_percent$$00000014)
    _printf_lc                               0x080002b9   Thumb Code     0  _printf_lc.o(.ARM.Collect$$_printf_percent$$00000015)
    _printf_ls                               0x080002bf   Thumb Code     0  _printf_ls.o(.ARM.Collect$$_printf_percent$$00000016)
    _printf_percent_end                      0x080002c5   Thumb Code     0  _printf_percent_end.o(.ARM.Collect$$_printf_percent$$00000017)
    __rt_lib_init                            0x080002c9   Thumb Code     0  libinit.o(.ARM.Collect$$libinit$$00000000)
    __rt_lib_init_fp_1                       0x080002cb   Thumb Code     0  libinit2.o(.ARM.Collect$$libinit$$00000001)
    __rt_lib_init_heap_2                     0x080002cf   Thumb Code     0  libinit2.o(.ARM.Collect$$libinit$$00000007)
    __rt_lib_init_preinit_1                  0x080002cf   Thumb Code     0  libinit2.o(.ARM.Collect$$libinit$$00000006)
    __rt_lib_init_relocate_pie_1             0x080002cf   Thumb Code     0  libinit2.o(.ARM.Collect$$libinit$$00000004)
    __rt_lib_init_heap_1                     0x080002d7   Thumb Code     0  libinit2.o(.ARM.Collect$$libinit$$0000000C)
    __rt_lib_init_lc_common                  0x080002d7   Thumb Code     0  libinit2.o(.ARM.Collect$$libinit$$00000011)
    __rt_lib_init_rand_1                     0x080002d7   Thumb Code     0  libinit2.o(.ARM.Collect$$libinit$$00000010)
    __rt_lib_init_user_alloc_1               0x080002d7   Thumb Code     0  libinit2.o(.ARM.Collect$$libinit$$0000000E)
    __rt_lib_init_lc_collate_1               0x080002dd   Thumb Code     0  libinit2.o(.ARM.Collect$$libinit$$00000013)
    __rt_lib_init_lc_ctype_2                 0x080002dd   Thumb Code     0  libinit2.o(.ARM.Collect$$libinit$$00000014)
    __rt_lib_init_lc_ctype_1                 0x080002e9   Thumb Code     0  libinit2.o(.ARM.Collect$$libinit$$00000015)
    __rt_lib_init_lc_monetary_1              0x080002e9   Thumb Code     0  libinit2.o(.ARM.Collect$$libinit$$00000017)
    __rt_lib_init_lc_numeric_2               0x080002e9   Thumb Code     0  libinit2.o(.ARM.Collect$$libinit$$00000018)
    __rt_lib_init_atexit_1                   0x080002f3   Thumb Code     0  libinit2.o(.ARM.Collect$$libinit$$0000001D)
    __rt_lib_init_clock_1                    0x080002f3   Thumb Code     0  libinit2.o(.ARM.Collect$$libinit$$00000023)
    __rt_lib_init_fp_trap_1                  0x080002f3   Thumb Code     0  libinit2.o(.ARM.Collect$$libinit$$00000021)
    __rt_lib_init_getenv_1                   0x080002f3   Thumb Code     0  libinit2.o(.ARM.Collect$$libinit$$00000025)
    __rt_lib_init_lc_numeric_1               0x080002f3   Thumb Code     0  libinit2.o(.ARM.Collect$$libinit$$00000019)
    __rt_lib_init_lc_time_1                  0x080002f3   Thumb Code     0  libinit2.o(.ARM.Collect$$libinit$$0000001B)
    __rt_lib_init_signal_1                   0x080002f3   Thumb Code     0  libinit2.o(.ARM.Collect$$libinit$$0000001F)
    __rt_lib_init_stdio_2                    0x080002f3   Thumb Code     0  libinit2.o(.ARM.Collect$$libinit$$00000026)
    __rt_lib_init_alloca_1                   0x080002f7   Thumb Code     0  libinit2.o(.ARM.Collect$$libinit$$00000030)
    __rt_lib_init_argv_1                     0x080002f7   Thumb Code     0  libinit2.o(.ARM.Collect$$libinit$$0000002E)
    __rt_lib_init_cpp_1                      0x080002f7   Thumb Code     0  libinit2.o(.ARM.Collect$$libinit$$00000034)
    __rt_lib_init_exceptions_1               0x080002f7   Thumb Code     0  libinit2.o(.ARM.Collect$$libinit$$00000032)
    __rt_lib_init_return                     0x080002f7   Thumb Code     0  libinit2.o(.ARM.Collect$$libinit$$00000035)
    __rt_lib_init_stdio_1                    0x080002f7   Thumb Code     0  libinit2.o(.ARM.Collect$$libinit$$00000027)
    __rt_lib_shutdown                        0x080002f9   Thumb Code     0  libshutdown.o(.ARM.Collect$$libshutdown$$00000000)
    __rt_lib_shutdown_cpp_1                  0x080002fb   Thumb Code     0  libshutdown2.o(.ARM.Collect$$libshutdown$$00000002)
    __rt_lib_shutdown_stdio_2                0x080002fb   Thumb Code     0  libshutdown2.o(.ARM.Collect$$libshutdown$$00000003)
    __rt_lib_shutdown_fp_trap_1              0x080002ff   Thumb Code     0  libshutdown2.o(.ARM.Collect$$libshutdown$$00000007)
    __rt_lib_shutdown_heap_1                 0x080002ff   Thumb Code     0  libshutdown2.o(.ARM.Collect$$libshutdown$$0000000F)
    __rt_lib_shutdown_return                 0x080002ff   Thumb Code     0  libshutdown2.o(.ARM.Collect$$libshutdown$$00000010)
    __rt_lib_shutdown_signal_1               0x080002ff   Thumb Code     0  libshutdown2.o(.ARM.Collect$$libshutdown$$0000000A)
    __rt_lib_shutdown_stdio_1                0x080002ff   Thumb Code     0  libshutdown2.o(.ARM.Collect$$libshutdown$$00000004)
    __rt_lib_shutdown_user_alloc_1           0x080002ff   Thumb Code     0  libshutdown2.o(.ARM.Collect$$libshutdown$$0000000C)
    __rt_entry                               0x08000301   Thumb Code     0  __rtentry.o(.ARM.Collect$$rtentry$$00000000)
    __rt_entry_presh_1                       0x08000301   Thumb Code     0  __rtentry2.o(.ARM.Collect$$rtentry$$00000002)
    __rt_entry_sh                            0x08000301   Thumb Code     0  __rtentry4.o(.ARM.Collect$$rtentry$$00000004)
    __rt_entry_li                            0x08000307   Thumb Code     0  __rtentry2.o(.ARM.Collect$$rtentry$$0000000A)
    __rt_entry_postsh_1                      0x08000307   Thumb Code     0  __rtentry2.o(.ARM.Collect$$rtentry$$00000009)
    __rt_entry_main                          0x0800030b   Thumb Code     0  __rtentry2.o(.ARM.Collect$$rtentry$$0000000D)
    __rt_entry_postli_1                      0x0800030b   Thumb Code     0  __rtentry2.o(.ARM.Collect$$rtentry$$0000000C)
    __rt_exit                                0x08000313   Thumb Code     0  rtexit.o(.ARM.Collect$$rtexit$$00000000)
    __rt_exit_ls                             0x08000315   Thumb Code     0  rtexit2.o(.ARM.Collect$$rtexit$$00000003)
    __rt_exit_prels_1                        0x08000315   Thumb Code     0  rtexit2.o(.ARM.Collect$$rtexit$$00000002)
    __rt_exit_exit                           0x08000319   Thumb Code     0  rtexit2.o(.ARM.Collect$$rtexit$$00000004)
    Reset_Handler                            0x08000321   Thumb Code     8  startup_stm32f411xe.o(.text)
    NMI_Handler                              0x08000329   Thumb Code     2  startup_stm32f411xe.o(.text)
    HardFault_Handler                        0x0800032b   Thumb Code     2  startup_stm32f411xe.o(.text)
    MemManage_Handler                        0x0800032d   Thumb Code     2  startup_stm32f411xe.o(.text)
    BusFault_Handler                         0x0800032f   Thumb Code     2  startup_stm32f411xe.o(.text)
    UsageFault_Handler                       0x08000331   Thumb Code     2  startup_stm32f411xe.o(.text)
    SVC_Handler                              0x08000333   Thumb Code     2  startup_stm32f411xe.o(.text)
    DebugMon_Handler                         0x08000335   Thumb Code     2  startup_stm32f411xe.o(.text)
    PendSV_Handler                           0x08000337   Thumb Code     2  startup_stm32f411xe.o(.text)
    ADC_IRQHandler                           0x0800033b   Thumb Code     0  startup_stm32f411xe.o(.text)
    DMA1_Stream0_IRQHandler                  0x0800033b   Thumb Code     0  startup_stm32f411xe.o(.text)
    DMA1_Stream1_IRQHandler                  0x0800033b   Thumb Code     0  startup_stm32f411xe.o(.text)
    DMA1_Stream2_IRQHandler                  0x0800033b   Thumb Code     0  startup_stm32f411xe.o(.text)
    DMA1_Stream3_IRQHandler                  0x0800033b   Thumb Code     0  startup_stm32f411xe.o(.text)
    DMA1_Stream4_IRQHandler                  0x0800033b   Thumb Code     0  startup_stm32f411xe.o(.text)
    DMA1_Stream5_IRQHandler                  0x0800033b   Thumb Code     0  startup_stm32f411xe.o(.text)
    DMA1_Stream6_IRQHandler                  0x0800033b   Thumb Code     0  startup_stm32f411xe.o(.text)
    DMA1_Stream7_IRQHandler                  0x0800033b   Thumb Code     0  startup_stm32f411xe.o(.text)
    DMA2_Stream0_IRQHandler                  0x0800033b   Thumb Code     0  startup_stm32f411xe.o(.text)
    DMA2_Stream1_IRQHandler                  0x0800033b   Thumb Code     0  startup_stm32f411xe.o(.text)
    DMA2_Stream2_IRQHandler                  0x0800033b   Thumb Code     0  startup_stm32f411xe.o(.text)
    DMA2_Stream3_IRQHandler                  0x0800033b   Thumb Code     0  startup_stm32f411xe.o(.text)
    DMA2_Stream4_IRQHandler                  0x0800033b   Thumb Code     0  startup_stm32f411xe.o(.text)
    DMA2_Stream5_IRQHandler                  0x0800033b   Thumb Code     0  startup_stm32f411xe.o(.text)
    DMA2_Stream6_IRQHandler                  0x0800033b   Thumb Code     0  startup_stm32f411xe.o(.text)
    DMA2_Stream7_IRQHandler                  0x0800033b   Thumb Code     0  startup_stm32f411xe.o(.text)
    FLASH_IRQHandler                         0x0800033b   Thumb Code     0  startup_stm32f411xe.o(.text)
    FPU_IRQHandler                           0x0800033b   Thumb Code     0  startup_stm32f411xe.o(.text)
    I2C1_ER_IRQHandler                       0x0800033b   Thumb Code     0  startup_stm32f411xe.o(.text)
    I2C1_EV_IRQHandler                       0x0800033b   Thumb Code     0  startup_stm32f411xe.o(.text)
    I2C2_ER_IRQHandler                       0x0800033b   Thumb Code     0  startup_stm32f411xe.o(.text)
    I2C2_EV_IRQHandler                       0x0800033b   Thumb Code     0  startup_stm32f411xe.o(.text)
    I2C3_ER_IRQHandler                       0x0800033b   Thumb Code     0  startup_stm32f411xe.o(.text)
    I2C3_EV_IRQHandler                       0x0800033b   Thumb Code     0  startup_stm32f411xe.o(.text)
    OTG_FS_IRQHandler                        0x0800033b   Thumb Code     0  startup_stm32f411xe.o(.text)
    OTG_FS_WKUP_IRQHandler                   0x0800033b   Thumb Code     0  startup_stm32f411xe.o(.text)
    PVD_IRQHandler                           0x0800033b   Thumb Code     0  startup_stm32f411xe.o(.text)
    RCC_IRQHandler                           0x0800033b   Thumb Code     0  startup_stm32f411xe.o(.text)
    RTC_Alarm_IRQHandler                     0x0800033b   Thumb Code     0  startup_stm32f411xe.o(.text)
    RTC_WKUP_IRQHandler                      0x0800033b   Thumb Code     0  startup_stm32f411xe.o(.text)
    SDIO_IRQHandler                          0x0800033b   Thumb Code     0  startup_stm32f411xe.o(.text)
    SPI1_IRQHandler                          0x0800033b   Thumb Code     0  startup_stm32f411xe.o(.text)
    SPI2_IRQHandler                          0x0800033b   Thumb Code     0  startup_stm32f411xe.o(.text)
    SPI3_IRQHandler                          0x0800033b   Thumb Code     0  startup_stm32f411xe.o(.text)
    SPI4_IRQHandler                          0x0800033b   Thumb Code     0  startup_stm32f411xe.o(.text)
    SPI5_IRQHandler                          0x0800033b   Thumb Code     0  startup_stm32f411xe.o(.text)
    TAMP_STAMP_IRQHandler                    0x0800033b   Thumb Code     0  startup_stm32f411xe.o(.text)
    TIM1_BRK_TIM9_IRQHandler                 0x0800033b   Thumb Code     0  startup_stm32f411xe.o(.text)
    TIM1_CC_IRQHandler                       0x0800033b   Thumb Code     0  startup_stm32f411xe.o(.text)
    TIM1_TRG_COM_TIM11_IRQHandler            0x0800033b   Thumb Code     0  startup_stm32f411xe.o(.text)
    TIM1_UP_TIM10_IRQHandler                 0x0800033b   Thumb Code     0  startup_stm32f411xe.o(.text)
    TIM2_IRQHandler                          0x0800033b   Thumb Code     0  startup_stm32f411xe.o(.text)
    TIM3_IRQHandler                          0x0800033b   Thumb Code     0  startup_stm32f411xe.o(.text)
    TIM4_IRQHandler                          0x0800033b   Thumb Code     0  startup_stm32f411xe.o(.text)
    TIM5_IRQHandler                          0x0800033b   Thumb Code     0  startup_stm32f411xe.o(.text)
    USART1_IRQHandler                        0x0800033b   Thumb Code     0  startup_stm32f411xe.o(.text)
    USART6_IRQHandler                        0x0800033b   Thumb Code     0  startup_stm32f411xe.o(.text)
    WWDG_IRQHandler                          0x0800033b   Thumb Code     0  startup_stm32f411xe.o(.text)
    __user_initial_stackheap                 0x0800033d   Thumb Code     0  startup_stm32f411xe.o(.text)
    malloc                                   0x08000361   Thumb Code    94  h1_alloc.o(.text)
    printf                                   0x080003c1   Thumb Code    20  printf.o(.text)
    strcmp                                   0x080003d9   Thumb Code   124  strcmpv7em.o(.text)
    __use_two_region_memory                  0x08000455   Thumb Code     2  heapauxi.o(.text)
    __rt_heap_escrow                         0x08000457   Thumb Code     2  heapauxi.o(.text)
    __rt_heap_expand                         0x08000459   Thumb Code     2  heapauxi.o(.text)
    __rt_heap_descriptor                     0x0800045d   Thumb Code     8  rt_heap_descriptor_intlibspace.o(.text)
    __use_no_heap                            0x08000465   Thumb Code     2  hguard.o(.text)
    __heap$guard                             0x08000467   Thumb Code     2  hguard.o(.text)
    _terminate_user_alloc                    0x08000469   Thumb Code     2  init_alloc.o(.text)
    _init_user_alloc                         0x0800046b   Thumb Code     2  init_alloc.o(.text)
    __Heap_Full                              0x0800046d   Thumb Code    34  init_alloc.o(.text)
    __Heap_Broken                            0x0800048f   Thumb Code     6  init_alloc.o(.text)
    _init_alloc                              0x08000495   Thumb Code    94  init_alloc.o(.text)
    __Heap_Initialize                        0x080004f3   Thumb Code     8  h1_init.o(.text)
    __Heap_DescSize                          0x080004fb   Thumb Code     4  h1_init.o(.text)
    free                                     0x080004ff   Thumb Code    78  h1_free.o(.text)
    _printf_pre_padding                      0x0800054d   Thumb Code    44  _printf_pad.o(.text)
    _printf_post_padding                     0x08000579   Thumb Code    34  _printf_pad.o(.text)
    _printf_truncate_signed                  0x0800059b   Thumb Code    18  _printf_truncate.o(.text)
    _printf_truncate_unsigned                0x080005ad   Thumb Code    18  _printf_truncate.o(.text)
    _printf_str                              0x080005bf   Thumb Code    82  _printf_str.o(.text)
    _printf_int_dec                          0x08000611   Thumb Code   104  _printf_dec.o(.text)
    _printf_charcount                        0x08000689   Thumb Code    40  _printf_charcount.o(.text)
    _printf_char_file                        0x080006b1   Thumb Code    32  _printf_char_file.o(.text)
    _printf_wctomb                           0x080006d5   Thumb Code   182  _printf_wctomb.o(.text)
    _printf_longlong_dec                     0x08000791   Thumb Code   108  _printf_longlong_dec.o(.text)
    _printf_longlong_oct                     0x0800080d   Thumb Code    68  _printf_oct_int_ll.o(.text)
    _printf_int_oct                          0x08000851   Thumb Code    24  _printf_oct_int_ll.o(.text)
    _printf_ll_oct                           0x08000869   Thumb Code    12  _printf_oct_int_ll.o(.text)
    _printf_longlong_hex                     0x0800087d   Thumb Code    86  _printf_hex_int_ll_ptr.o(.text)
    _printf_int_hex                          0x080008d3   Thumb Code    28  _printf_hex_int_ll_ptr.o(.text)
    _printf_ll_hex                           0x080008ef   Thumb Code    12  _printf_hex_int_ll_ptr.o(.text)
    _printf_hex_ptr                          0x080008fb   Thumb Code    18  _printf_hex_int_ll_ptr.o(.text)
    __printf                                 0x08000911   Thumb Code   388  __printf_flags_ss_wp.o(.text)
    _sys_exit                                0x08000a99   Thumb Code     8  sys_exit.o(.text)
    __user_libspace                          0x08000aa5   Thumb Code     8  libspace.o(.text)
    __user_perproc_libspace                  0x08000aa5   Thumb Code     0  libspace.o(.text)
    __user_perthread_libspace                0x08000aa5   Thumb Code     0  libspace.o(.text)
    __Heap_ProvideMemory                     0x08000aad   Thumb Code    52  h1_extend.o(.text)
    _maybe_terminate_alloc                   0x08000aad   Thumb Code     0  maybetermalloc1.o(.text)
    _ll_udiv10                               0x08000ae1   Thumb Code   138  lludiv10.o(.text)
    _printf_int_common                       0x08000b6b   Thumb Code   178  _printf_intcommon.o(.text)
    _printf_fp_dec_real                      0x08000dcd   Thumb Code   620  _printf_fp_dec.o(.text)
    _printf_fp_hex_real                      0x08001039   Thumb Code   756  _printf_fp_hex.o(.text)
    _printf_char_common                      0x0800133f   Thumb Code    32  _printf_char_common.o(.text)
    _printf_cs_common                        0x08001365   Thumb Code    20  _printf_char.o(.text)
    _printf_char                             0x08001379   Thumb Code    16  _printf_char.o(.text)
    _printf_string                           0x08001389   Thumb Code     8  _printf_char.o(.text)
    _printf_lcs_common                       0x08001391   Thumb Code    20  _printf_wchar.o(.text)
    _printf_wchar                            0x080013a5   Thumb Code    16  _printf_wchar.o(.text)
    _printf_wstring                          0x080013b5   Thumb Code     8  _printf_wchar.o(.text)
    ferror                                   0x080013bd   Thumb Code     8  ferror.o(.text)
    _initio                                  0x080013c5   Thumb Code   210  initio.o(.text)
    _terminateio                             0x08001497   Thumb Code    56  initio.o(.text)
    _c16rtomb                                0x080014fd   Thumb Code    72  _c16rtomb.o(.text)
    _wcrtomb                                 0x080014fd   Thumb Code     0  _c16rtomb.o(.text)
    __rt_SIGRTMEM                            0x08001545   Thumb Code    14  defsig_rtmem_outer.o(.text)
    __aeabi_memclr4                          0x08001553   Thumb Code     0  rt_memclr_w.o(.text)
    __aeabi_memclr8                          0x08001553   Thumb Code     0  rt_memclr_w.o(.text)
    __rt_memclr_w                            0x08001553   Thumb Code     0  rt_memclr_w.o(.text)
    _memset_w                                0x08001557   Thumb Code    74  rt_memclr_w.o(.text)
    __I$use$semihosting                      0x080015a1   Thumb Code     0  use_no_semi.o(.text)
    __use_no_semihosting_swi                 0x080015a1   Thumb Code     2  use_no_semi.o(.text)
    __semihosting_library_function           0x080015a3   Thumb Code     0  indicate_semi.o(.text)
    __user_setup_stackheap                   0x080015a3   Thumb Code    74  sys_stackheap_outer.o(.text)
    __rt_ctype_table                         0x080015ed   Thumb Code    16  rt_ctype_table.o(.text)
    __rt_locale                              0x080015fd   Thumb Code     8  rt_locale_intlibspace.o(.text)
    _printf_fp_infnan                        0x08001605   Thumb Code   112  _printf_fp_infnan.o(.text)
    _btod_etento                             0x08001685   Thumb Code   224  bigflt0.o(.text)
    __flsbuf                                 0x08001769   Thumb Code   482  flsbuf.o(.text)
    __flsbuf_byte                            0x08001769   Thumb Code     0  flsbuf.o(.text)
    __flsbuf_wide                            0x08001769   Thumb Code     0  flsbuf.o(.text)
    setvbuf                                  0x0800194b   Thumb Code    70  setvbuf.o(.text)
    freopen                                  0x08001991   Thumb Code   160  fopen.o(.text)
    fopen                                    0x08001a31   Thumb Code    74  fopen.o(.text)
    _fclose_internal                         0x08001a81   Thumb Code    76  fclose.o(.text)
    fclose                                   0x08001a81   Thumb Code     0  fclose.o(.text)
    exit                                     0x08001acd   Thumb Code    18  exit.o(.text)
    __sig_exit                               0x08001adf   Thumb Code    10  defsig_exit.o(.text)
    __rt_SIGRTRED                            0x08001ae9   Thumb Code    14  defsig_rtred_outer.o(.text)
    __rt_SIGRTMEM_inner                      0x08001af9   Thumb Code    22  defsig_rtmem_inner.o(.text)
    _fseek                                   0x08001b49   Thumb Code   242  fseek.o(.text)
    fseek                                    0x08001b49   Thumb Code     0  fseek.o(.text)
    _seterr                                  0x08001c41   Thumb Code    20  stdio.o(.text)
    _writebuf                                0x08001c55   Thumb Code   108  stdio.o(.text)
    _fflush                                  0x08001cc1   Thumb Code    70  stdio.o(.text)
    _deferredlazyseek                        0x08001d07   Thumb Code    60  stdio.o(.text)
    __default_signal_display                 0x08001d49   Thumb Code    50  defsig_general.o(.text)
    __rt_SIGRTRED_inner                      0x08001d7d   Thumb Code    14  defsig_rtred_inner.o(.text)
    _ttywrch                                 0x08001db1   Thumb Code    14  sys_wrch.o(.text)
    _ftell_internal                          0x08001dbf   Thumb Code    66  ftell.o(.text)
    ftell                                    0x08001dbf   Thumb Code     0  ftell.o(.text)
    __aeabi_errno_addr                       0x08001e01   Thumb Code     8  rt_errno_addr_intlibspace.o(.text)
    __errno$intlibspace                      0x08001e01   Thumb Code     0  rt_errno_addr_intlibspace.o(.text)
    __rt_errno_addr$intlibspace              0x08001e01   Thumb Code     0  rt_errno_addr_intlibspace.o(.text)
    EXTI0_IRQHandler                         0x08001e09   Thumb Code   132  gpio.o(.text.EXTI0_IRQHandler)
    EXTI15_10_IRQHandler                     0x08001e8d   Thumb Code   132  gpio.o(.text.EXTI15_10_IRQHandler)
    EXTI1_IRQHandler                         0x08001f11   Thumb Code   132  gpio.o(.text.EXTI1_IRQHandler)
    EXTI2_IRQHandler                         0x08001f95   Thumb Code   132  gpio.o(.text.EXTI2_IRQHandler)
    EXTI3_IRQHandler                         0x08002019   Thumb Code   132  gpio.o(.text.EXTI3_IRQHandler)
    EXTI4_IRQHandler                         0x0800209d   Thumb Code   132  gpio.o(.text.EXTI4_IRQHandler)
    EXTI9_5_IRQHandler                       0x08002121   Thumb Code   132  gpio.o(.text.EXTI9_5_IRQHandler)
    SysTick_Handler                          0x0800222d   Thumb Code    16  timer.o(.text.SysTick_Handler)
    SystemInit                               0x0800223d   Thumb Code    18  system_stm32f4xx.o(.text.SystemInit)
    USART2_IRQHandler                        0x08002251   Thumb Code    54  uart.o(.text.USART2_IRQHandler)
    USART_GetFlagStatus                      0x08002289   Thumb Code    66  stm32f4xx_usart.o(.text.USART_GetFlagStatus)
    USART_ReceiveData                        0x080022cd   Thumb Code    16  stm32f4xx_usart.o(.text.USART_ReceiveData)
    _sys_close                               0x0800233d   Thumb Code    74  retarget_io.o(.text._sys_close)
    _sys_flen                                0x08002389   Thumb Code    74  retarget_io.o(.text._sys_flen)
    _sys_istty                               0x080023d5   Thumb Code    72  retarget_io.o(.text._sys_istty)
    _sys_open                                0x0800241d   Thumb Code   132  retarget_io.o(.text._sys_open)
    _sys_seek                                0x080024a1   Thumb Code    82  retarget_io.o(.text._sys_seek)
    _sys_write                               0x080024f5   Thumb Code   152  retarget_io.o(.text._sys_write)
    main                                     0x0800258d   Thumb Code   134  hardcoded_input.o(.text.main)
    stderr_putchar                           0x08002615   Thumb Code    16  stderr_itm.o(.text.stderr_putchar)
    stdout_putchar                           0x08002625   Thumb Code    16  stdout_itm.o(.text.stdout_putchar)
    uart_rx                                  0x08002635   Thumb Code    50  uart.o(.text.uart_rx)
    _btod_d2e                                0x08002667   Thumb Code    62  btod.o(CL$$btod_d2e)
    _d2e_denorm_low                          0x080026a5   Thumb Code    70  btod.o(CL$$btod_d2e_denorm_low)
    _d2e_norm_op1                            0x080026eb   Thumb Code    96  btod.o(CL$$btod_d2e_norm_op1)
    __btod_div_common                        0x0800274d   Thumb Code   696  btod.o(CL$$btod_div_common)
    _e2e                                     0x08002a85   Thumb Code   220  btod.o(CL$$btod_e2e)
    _btod_ediv                               0x08002b61   Thumb Code    42  btod.o(CL$$btod_ediv)
    _btod_emul                               0x08002b8b   Thumb Code    42  btod.o(CL$$btod_emul)
    __btod_mult_common                       0x08002bb5   Thumb Code   580  btod.o(CL$$btod_mult_common)
    compute_checksum                         0x08002df9   Thumb Code     0  bonus.o(Checksum)
    fibonacci                                0x08002e1d   Thumb Code     0  fibonacci.o(Fibonacci)
    compute_hash                             0x08002e49   Thumb Code     0  hash.o(HASH_FUNC)
    sum_and_mod7                             0x08002ebd   Thumb Code     0  sum_mod.o(SumMod7)
    __ARM_fpclassify                         0x08002ef9   Thumb Code    48  fpclassify.o(i.__ARM_fpclassify)
    _is_digit                                0x08002f29   Thumb Code    14  __printf_wp.o(i._is_digit)
    fputc                                    0x08002f37   Thumb Code    28  fputc.o(i.fputc)
    _get_lc_numeric                          0x08002f55   Thumb Code    44  lc_numeric_c.o(locale$$code)
    _get_lc_ctype                            0x08002f81   Thumb Code    44  lc_ctype_c.o(locale$$code)
    _fp_init                                 0x08002fad   Thumb Code    26  fpinit.o(x$fpl$fpinit)
    __fplib_config_fpu_vfp                   0x08002fc5   Thumb Code     0  fpinit.o(x$fpl$fpinit)
    __fplib_config_pureend_doubles           0x08002fc5   Thumb Code     0  fpinit.o(x$fpl$fpinit)
    _printf_fp_dec                           0x08002fc7   Thumb Code     4  printf1.o(x$fpl$printf1)
    _printf_fp_hex                           0x08002fcb   Thumb Code     4  printf2.o(x$fpl$printf2)
    __I$use$fp                               0x08002fce   Number         0  usenofp.o(x$fpl$usenofp)
    __stderr_name                            0x080030cc   Data           8  retarget_io.o(.rodata.__stderr_name)
    __stdin_name                             0x080030d4   Data           7  retarget_io.o(.rodata.__stdin_name)
    __stdout_name                            0x080030db   Data           8  retarget_io.o(.rodata.__stdout_name)
    Region$$Table$$Base                      0x0800315c   Number         0  anon$$obj.o(Region$$Table)
    Region$$Table$$Limit                     0x0800317c   Number         0  anon$$obj.o(Region$$Table)
    __ctype                                  0x080031a5   Data           0  lc_ctype_c.o(locale$$data)
    __aeabi_stdin                            0x20000000   Data           4  stdio_streams.o(.data)
    __aeabi_stdout                           0x20000004   Data           4  stdio_streams.o(.data)
    __aeabi_stderr                           0x20000008   Data           4  stdio_streams.o(.data)
    checksum_result                          0x2000000c   Data           4  bonus.o(CHECKSUM_DATA)
    reduction_result                         0x20000010   Data           4  sum_mod.o(REDUCTION_DATA)
    __stdin                                  0x20000018   Data          84  stdio_streams.o(.bss)
    __stdout                                 0x2000006c   Data          84  stdio_streams.o(.bss)
    __stderr                                 0x200000c0   Data          84  stdio_streams.o(.bss)
    __libspace_start                         0x20000114   Data          96  libspace.o(.bss)
    __temporary_stack_top$libspace           0x20000174   Data           0  libspace.o(.bss)
    IRQ_pin_index                            0x20000178   Data           4  gpio.o(.bss.IRQ_pin_index)
    IRQ_port_num                             0x2000017c   Data           4  gpio.o(.bss.IRQ_port_num)
    IRQ_status                               0x20000180   Data           4  gpio.o(.bss.IRQ_status)



==============================================================================

Memory Map of the image

  Image Entry point : 0x08000321

  Load Region LR_1 (Base: 0x08000000, Size: 0x000032bc, Max: 0xffffffff, ABSOLUTE)

    Execution Region ER_RO (Exec base: 0x08000000, Load base: 0x08000000, Size: 0x000032a8, Max: 0xffffffff, ABSOLUTE)

    Exec Addr    Load Addr    Size         Type   Attr      Idx    E Section Name        Object

    0x08000000   0x08000000   0x00000198   Data   RO          693    RESET               startup_stm32f411xe.o
    0x08000198   0x08000198   0x00000008   Code   RO          776  * !!!main             c_w.l(__main.o)
    0x080001a0   0x080001a0   0x0000005c   Code   RO         1371    !!!scatter          c_w.l(__scatter.o)
    0x080001fc   0x080001fc   0x0000001a   Code   RO         1375    !!handler_copy      c_w.l(__scatter_copy.o)
    0x08000216   0x08000216   0x00000002   PAD
    0x08000218   0x08000218   0x00000002   Code   RO         1372    !!handler_null      c_w.l(__scatter.o)
    0x0800021a   0x0800021a   0x00000002   PAD
    0x0800021c   0x0800021c   0x0000001c   Code   RO         1377    !!handler_zi        c_w.l(__scatter_zi.o)
    0x08000238   0x08000238   0x00000000   Code   RO          943    .ARM.Collect$$_printf_percent$$00000000  c_w.l(_printf_percent.o)
    0x08000238   0x08000238   0x00000006   Code   RO          932    .ARM.Collect$$_printf_percent$$00000001  c_w.l(_printf_n.o)
    0x0800023e   0x0800023e   0x00000006   Code   RO          934    .ARM.Collect$$_printf_percent$$00000002  c_w.l(_printf_p.o)
    0x08000244   0x08000244   0x00000006   Code   RO          939    .ARM.Collect$$_printf_percent$$00000003  c_w.l(_printf_f.o)
    0x0800024a   0x0800024a   0x00000006   Code   RO          940    .ARM.Collect$$_printf_percent$$00000004  c_w.l(_printf_e.o)
    0x08000250   0x08000250   0x00000006   Code   RO          941    .ARM.Collect$$_printf_percent$$00000005  c_w.l(_printf_g.o)
    0x08000256   0x08000256   0x00000006   Code   RO          942    .ARM.Collect$$_printf_percent$$00000006  c_w.l(_printf_a.o)
    0x0800025c   0x0800025c   0x0000000a   Code   RO          947    .ARM.Collect$$_printf_percent$$00000007  c_w.l(_printf_ll.o)
    0x08000266   0x08000266   0x00000006   Code   RO          936    .ARM.Collect$$_printf_percent$$00000008  c_w.l(_printf_i.o)
    0x0800026c   0x0800026c   0x00000006   Code   RO          937    .ARM.Collect$$_printf_percent$$00000009  c_w.l(_printf_d.o)
    0x08000272   0x08000272   0x00000006   Code   RO          938    .ARM.Collect$$_printf_percent$$0000000A  c_w.l(_printf_u.o)
    0x08000278   0x08000278   0x00000006   Code   RO          935    .ARM.Collect$$_printf_percent$$0000000B  c_w.l(_printf_o.o)
    0x0800027e   0x0800027e   0x00000006   Code   RO          933    .ARM.Collect$$_printf_percent$$0000000C  c_w.l(_printf_x.o)
    0x08000284   0x08000284   0x00000006   Code   RO          944    .ARM.Collect$$_printf_percent$$0000000D  c_w.l(_printf_lli.o)
    0x0800028a   0x0800028a   0x00000006   Code   RO          945    .ARM.Collect$$_printf_percent$$0000000E  c_w.l(_printf_lld.o)
    0x08000290   0x08000290   0x00000006   Code   RO          946    .ARM.Collect$$_printf_percent$$0000000F  c_w.l(_printf_llu.o)
    0x08000296   0x08000296   0x00000006   Code   RO          951    .ARM.Collect$$_printf_percent$$00000010  c_w.l(_printf_llo.o)
    0x0800029c   0x0800029c   0x00000006   Code   RO          952    .ARM.Collect$$_printf_percent$$00000011  c_w.l(_printf_llx.o)
    0x080002a2   0x080002a2   0x0000000a   Code   RO          948    .ARM.Collect$$_printf_percent$$00000012  c_w.l(_printf_l.o)
    0x080002ac   0x080002ac   0x00000006   Code   RO          930    .ARM.Collect$$_printf_percent$$00000013  c_w.l(_printf_c.o)
    0x080002b2   0x080002b2   0x00000006   Code   RO          931    .ARM.Collect$$_printf_percent$$00000014  c_w.l(_printf_s.o)
    0x080002b8   0x080002b8   0x00000006   Code   RO          949    .ARM.Collect$$_printf_percent$$00000015  c_w.l(_printf_lc.o)
    0x080002be   0x080002be   0x00000006   Code   RO          950    .ARM.Collect$$_printf_percent$$00000016  c_w.l(_printf_ls.o)
    0x080002c4   0x080002c4   0x00000004   Code   RO         1151    .ARM.Collect$$_printf_percent$$00000017  c_w.l(_printf_percent_end.o)
    0x080002c8   0x080002c8   0x00000002   Code   RO         1272    .ARM.Collect$$libinit$$00000000  c_w.l(libinit.o)
    0x080002ca   0x080002ca   0x00000004   Code   RO          965    .ARM.Collect$$libinit$$00000001  c_w.l(libinit2.o)
    0x080002ce   0x080002ce   0x00000000   Code   RO          968    .ARM.Collect$$libinit$$00000004  c_w.l(libinit2.o)
    0x080002ce   0x080002ce   0x00000000   Code   RO          970    .ARM.Collect$$libinit$$00000006  c_w.l(libinit2.o)
    0x080002ce   0x080002ce   0x00000008   Code   RO          971    .ARM.Collect$$libinit$$00000007  c_w.l(libinit2.o)
    0x080002d6   0x080002d6   0x00000000   Code   RO          973    .ARM.Collect$$libinit$$0000000C  c_w.l(libinit2.o)
    0x080002d6   0x080002d6   0x00000000   Code   RO          975    .ARM.Collect$$libinit$$0000000E  c_w.l(libinit2.o)
    0x080002d6   0x080002d6   0x00000000   Code   RO          977    .ARM.Collect$$libinit$$00000010  c_w.l(libinit2.o)
    0x080002d6   0x080002d6   0x00000006   Code   RO          978    .ARM.Collect$$libinit$$00000011  c_w.l(libinit2.o)
    0x080002dc   0x080002dc   0x00000000   Code   RO          980    .ARM.Collect$$libinit$$00000013  c_w.l(libinit2.o)
    0x080002dc   0x080002dc   0x0000000c   Code   RO          981    .ARM.Collect$$libinit$$00000014  c_w.l(libinit2.o)
    0x080002e8   0x080002e8   0x00000000   Code   RO          982    .ARM.Collect$$libinit$$00000015  c_w.l(libinit2.o)
    0x080002e8   0x080002e8   0x00000000   Code   RO          984    .ARM.Collect$$libinit$$00000017  c_w.l(libinit2.o)
    0x080002e8   0x080002e8   0x0000000a   Code   RO          985    .ARM.Collect$$libinit$$00000018  c_w.l(libinit2.o)
    0x080002f2   0x080002f2   0x00000000   Code   RO          986    .ARM.Collect$$libinit$$00000019  c_w.l(libinit2.o)
    0x080002f2   0x080002f2   0x00000000   Code   RO          988    .ARM.Collect$$libinit$$0000001B  c_w.l(libinit2.o)
    0x080002f2   0x080002f2   0x00000000   Code   RO          990    .ARM.Collect$$libinit$$0000001D  c_w.l(libinit2.o)
    0x080002f2   0x080002f2   0x00000000   Code   RO          992    .ARM.Collect$$libinit$$0000001F  c_w.l(libinit2.o)
    0x080002f2   0x080002f2   0x00000000   Code   RO          994    .ARM.Collect$$libinit$$00000021  c_w.l(libinit2.o)
    0x080002f2   0x080002f2   0x00000000   Code   RO          996    .ARM.Collect$$libinit$$00000023  c_w.l(libinit2.o)
    0x080002f2   0x080002f2   0x00000000   Code   RO          998    .ARM.Collect$$libinit$$00000025  c_w.l(libinit2.o)
    0x080002f2   0x080002f2   0x00000004   Code   RO          999    .ARM.Collect$$libinit$$00000026  c_w.l(libinit2.o)
    0x080002f6   0x080002f6   0x00000000   Code   RO         1000    .ARM.Collect$$libinit$$00000027  c_w.l(libinit2.o)
    0x080002f6   0x080002f6   0x00000000   Code   RO         1004    .ARM.Collect$$libinit$$0000002E  c_w.l(libinit2.o)
    0x080002f6   0x080002f6   0x00000000   Code   RO         1006    .ARM.Collect$$libinit$$00000030  c_w.l(libinit2.o)
    0x080002f6   0x080002f6   0x00000000   Code   RO         1008    .ARM.Collect$$libinit$$00000032  c_w.l(libinit2.o)
    0x080002f6   0x080002f6   0x00000000   Code   RO         1010    .ARM.Collect$$libinit$$00000034  c_w.l(libinit2.o)
    0x080002f6   0x080002f6   0x00000002   Code   RO         1011    .ARM.Collect$$libinit$$00000035  c_w.l(libinit2.o)
    0x080002f8   0x080002f8   0x00000002   Code   RO         1368    .ARM.Collect$$libshutdown$$00000000  c_w.l(libshutdown.o)
    0x080002fa   0x080002fa   0x00000000   Code   RO         1274    .ARM.Collect$$libshutdown$$00000002  c_w.l(libshutdown2.o)
    0x080002fa   0x080002fa   0x00000004   Code   RO         1275    .ARM.Collect$$libshutdown$$00000003  c_w.l(libshutdown2.o)
    0x080002fe   0x080002fe   0x00000000   Code   RO         1276    .ARM.Collect$$libshutdown$$00000004  c_w.l(libshutdown2.o)
    0x080002fe   0x080002fe   0x00000000   Code   RO         1279    .ARM.Collect$$libshutdown$$00000007  c_w.l(libshutdown2.o)
    0x080002fe   0x080002fe   0x00000000   Code   RO         1282    .ARM.Collect$$libshutdown$$0000000A  c_w.l(libshutdown2.o)
    0x080002fe   0x080002fe   0x00000000   Code   RO         1284    .ARM.Collect$$libshutdown$$0000000C  c_w.l(libshutdown2.o)
    0x080002fe   0x080002fe   0x00000000   Code   RO         1287    .ARM.Collect$$libshutdown$$0000000F  c_w.l(libshutdown2.o)
    0x080002fe   0x080002fe   0x00000002   Code   RO         1288    .ARM.Collect$$libshutdown$$00000010  c_w.l(libshutdown2.o)
    0x08000300   0x08000300   0x00000000   Code   RO          834    .ARM.Collect$$rtentry$$00000000  c_w.l(__rtentry.o)
    0x08000300   0x08000300   0x00000000   Code   RO         1112    .ARM.Collect$$rtentry$$00000002  c_w.l(__rtentry2.o)
    0x08000300   0x08000300   0x00000006   Code   RO         1124    .ARM.Collect$$rtentry$$00000004  c_w.l(__rtentry4.o)
    0x08000306   0x08000306   0x00000000   Code   RO         1114    .ARM.Collect$$rtentry$$00000009  c_w.l(__rtentry2.o)
    0x08000306   0x08000306   0x00000004   Code   RO         1115    .ARM.Collect$$rtentry$$0000000A  c_w.l(__rtentry2.o)
    0x0800030a   0x0800030a   0x00000000   Code   RO         1117    .ARM.Collect$$rtentry$$0000000C  c_w.l(__rtentry2.o)
    0x0800030a   0x0800030a   0x00000008   Code   RO         1118    .ARM.Collect$$rtentry$$0000000D  c_w.l(__rtentry2.o)
    0x08000312   0x08000312   0x00000002   Code   RO         1295    .ARM.Collect$$rtexit$$00000000  c_w.l(rtexit.o)
    0x08000314   0x08000314   0x00000000   Code   RO         1329    .ARM.Collect$$rtexit$$00000002  c_w.l(rtexit2.o)
    0x08000314   0x08000314   0x00000004   Code   RO         1330    .ARM.Collect$$rtexit$$00000003  c_w.l(rtexit2.o)
    0x08000318   0x08000318   0x00000006   Code   RO         1331    .ARM.Collect$$rtexit$$00000004  c_w.l(rtexit2.o)
    0x0800031e   0x0800031e   0x00000002   PAD
    0x08000320   0x08000320   0x00000040   Code   RO          694  * .text               startup_stm32f411xe.o
    0x08000360   0x08000360   0x0000005e   Code   RO          716    .text               c_w.l(h1_alloc.o)
    0x080003be   0x080003be   0x00000002   PAD
    0x080003c0   0x080003c0   0x00000018   Code   RO          770    .text               c_w.l(printf.o)
    0x080003d8   0x080003d8   0x0000007c   Code   RO          772    .text               c_w.l(strcmpv7em.o)
    0x08000454   0x08000454   0x00000006   Code   RO          774    .text               c_w.l(heapauxi.o)
    0x0800045a   0x0800045a   0x00000002   PAD
    0x0800045c   0x0800045c   0x00000008   Code   RO          838    .text               c_w.l(rt_heap_descriptor_intlibspace.o)
    0x08000464   0x08000464   0x00000004   Code   RO          840    .text               c_w.l(hguard.o)
    0x08000468   0x08000468   0x0000008a   Code   RO          842    .text               c_w.l(init_alloc.o)
    0x080004f2   0x080004f2   0x0000000c   Code   RO          848    .text               c_w.l(h1_init.o)
    0x080004fe   0x080004fe   0x0000004e   Code   RO          850    .text               c_w.l(h1_free.o)
    0x0800054c   0x0800054c   0x0000004e   Code   RO          866    .text               c_w.l(_printf_pad.o)
    0x0800059a   0x0800059a   0x00000024   Code   RO          868    .text               c_w.l(_printf_truncate.o)
    0x080005be   0x080005be   0x00000052   Code   RO          870    .text               c_w.l(_printf_str.o)
    0x08000610   0x08000610   0x00000078   Code   RO          872    .text               c_w.l(_printf_dec.o)
    0x08000688   0x08000688   0x00000028   Code   RO          874    .text               c_w.l(_printf_charcount.o)
    0x080006b0   0x080006b0   0x00000024   Code   RO          876    .text               c_w.l(_printf_char_file.o)
    0x080006d4   0x080006d4   0x000000bc   Code   RO          878    .text               c_w.l(_printf_wctomb.o)
    0x08000790   0x08000790   0x0000007c   Code   RO          881    .text               c_w.l(_printf_longlong_dec.o)
    0x0800080c   0x0800080c   0x00000070   Code   RO          887    .text               c_w.l(_printf_oct_int_ll.o)
    0x0800087c   0x0800087c   0x00000094   Code   RO          907    .text               c_w.l(_printf_hex_int_ll_ptr.o)
    0x08000910   0x08000910   0x00000188   Code   RO          927    .text               c_w.l(__printf_flags_ss_wp.o)
    0x08000a98   0x08000a98   0x0000000c   Code   RO         1102    .text               c_w.l(sys_exit.o)
    0x08000aa4   0x08000aa4   0x00000008   Code   RO         1108    .text               c_w.l(libspace.o)
    0x08000aac   0x08000aac   0x00000000   Code   RO         1128    .text               c_w.l(maybetermalloc1.o)
    0x08000aac   0x08000aac   0x00000034   Code   RO         1130    .text               c_w.l(h1_extend.o)
    0x08000ae0   0x08000ae0   0x0000008a   Code   RO         1134    .text               c_w.l(lludiv10.o)
    0x08000b6a   0x08000b6a   0x000000b2   Code   RO         1136    .text               c_w.l(_printf_intcommon.o)
    0x08000c1c   0x08000c1c   0x0000041c   Code   RO         1138    .text               c_w.l(_printf_fp_dec.o)
    0x08001038   0x08001038   0x000002fc   Code   RO         1142    .text               c_w.l(_printf_fp_hex.o)
    0x08001334   0x08001334   0x00000030   Code   RO         1145    .text               c_w.l(_printf_char_common.o)
    0x08001364   0x08001364   0x0000002c   Code   RO         1147    .text               c_w.l(_printf_char.o)
    0x08001390   0x08001390   0x0000002c   Code   RO         1149    .text               c_w.l(_printf_wchar.o)
    0x080013bc   0x080013bc   0x00000008   Code   RO         1152    .text               c_w.l(ferror.o)
    0x080013c4   0x080013c4   0x00000138   Code   RO         1158    .text               c_w.l(initio.o)
    0x080014fc   0x080014fc   0x00000048   Code   RO         1166    .text               c_w.l(_c16rtomb.o)
    0x08001544   0x08001544   0x0000000e   Code   RO         1172    .text               c_w.l(defsig_rtmem_outer.o)
    0x08001552   0x08001552   0x0000004e   Code   RO         1178    .text               c_w.l(rt_memclr_w.o)
    0x080015a0   0x080015a0   0x00000002   Code   RO         1188    .text               c_w.l(use_no_semi.o)
    0x080015a2   0x080015a2   0x00000000   Code   RO         1190    .text               c_w.l(indicate_semi.o)
    0x080015a2   0x080015a2   0x0000004a   Code   RO         1191    .text               c_w.l(sys_stackheap_outer.o)
    0x080015ec   0x080015ec   0x00000010   Code   RO         1193    .text               c_w.l(rt_ctype_table.o)
    0x080015fc   0x080015fc   0x00000008   Code   RO         1200    .text               c_w.l(rt_locale_intlibspace.o)
    0x08001604   0x08001604   0x00000080   Code   RO         1204    .text               c_w.l(_printf_fp_infnan.o)
    0x08001684   0x08001684   0x000000e4   Code   RO         1208    .text               c_w.l(bigflt0.o)
    0x08001768   0x08001768   0x000001e2   Code   RO         1235    .text               c_w.l(flsbuf.o)
    0x0800194a   0x0800194a   0x00000046   Code   RO         1237    .text               c_w.l(setvbuf.o)
    0x08001990   0x08001990   0x000000f0   Code   RO         1240    .text               c_w.l(fopen.o)
    0x08001a80   0x08001a80   0x0000004c   Code   RO         1242    .text               c_w.l(fclose.o)
    0x08001acc   0x08001acc   0x00000012   Code   RO         1251    .text               c_w.l(exit.o)
    0x08001ade   0x08001ade   0x0000000a   Code   RO         1253    .text               c_w.l(defsig_exit.o)
    0x08001ae8   0x08001ae8   0x0000000e   Code   RO         1257    .text               c_w.l(defsig_rtred_outer.o)
    0x08001af6   0x08001af6   0x00000002   PAD
    0x08001af8   0x08001af8   0x00000050   Code   RO         1261    .text               c_w.l(defsig_rtmem_inner.o)
    0x08001b48   0x08001b48   0x000000f8   Code   RO         1305    .text               c_w.l(fseek.o)
    0x08001c40   0x08001c40   0x00000108   Code   RO         1307    .text               c_w.l(stdio.o)
    0x08001d48   0x08001d48   0x00000032   Code   RO         1318    .text               c_w.l(defsig_general.o)
    0x08001d7a   0x08001d7a   0x00000002   PAD
    0x08001d7c   0x08001d7c   0x00000034   Code   RO         1320    .text               c_w.l(defsig_rtred_inner.o)
    0x08001db0   0x08001db0   0x0000000e   Code   RO         1324    .text               c_w.l(sys_wrch.o)
    0x08001dbe   0x08001dbe   0x00000042   Code   RO         1341    .text               c_w.l(ftell.o)
    0x08001e00   0x08001e00   0x00000008   Code   RO         1352    .text               c_w.l(rt_errno_addr_intlibspace.o)
    0x08001e08   0x08001e08   0x00000084   Code   RO          129    .text.EXTI0_IRQHandler  gpio.o
    0x08001e8c   0x08001e8c   0x00000084   Code   RO          143    .text.EXTI15_10_IRQHandler  gpio.o
    0x08001f10   0x08001f10   0x00000084   Code   RO          133    .text.EXTI1_IRQHandler  gpio.o
    0x08001f94   0x08001f94   0x00000084   Code   RO          135    .text.EXTI2_IRQHandler  gpio.o
    0x08002018   0x08002018   0x00000084   Code   RO          137    .text.EXTI3_IRQHandler  gpio.o
    0x0800209c   0x0800209c   0x00000084   Code   RO          139    .text.EXTI4_IRQHandler  gpio.o
    0x08002120   0x08002120   0x00000084   Code   RO          141    .text.EXTI9_5_IRQHandler  gpio.o
    0x080021a4   0x080021a4   0x00000044   Code   RO          660    .text.ITM_SendChar  stderr_itm.o
    0x080021e8   0x080021e8   0x00000044   Code   RO          683    .text.ITM_SendChar  stdout_itm.o
    0x0800222c   0x0800222c   0x00000010   Code   RO          568    .text.SysTick_Handler  timer.o
    0x0800223c   0x0800223c   0x00000012   Code   RO          699    .text.SystemInit    system_stm32f4xx.o
    0x0800224e   0x0800224e   0x00000002   PAD
    0x08002250   0x08002250   0x00000036   Code   RO          597    .text.USART2_IRQHandler  uart.o
    0x08002286   0x08002286   0x00000002   PAD
    0x08002288   0x08002288   0x00000042   Code   RO          537    .text.USART_GetFlagStatus  stm32f4xx_usart.o
    0x080022ca   0x080022ca   0x00000002   PAD
    0x080022cc   0x080022cc   0x00000010   Code   RO          507    .text.USART_ReceiveData  stm32f4xx_usart.o
    0x080022dc   0x080022dc   0x00000030   Code   RO          131    .text.__NVIC_ClearPendingIRQ  gpio.o
    0x0800230c   0x0800230c   0x00000030   Code   RO          591    .text.__NVIC_ClearPendingIRQ  uart.o
    0x0800233c   0x0800233c   0x0000004a   Code   RO          635    .text._sys_close    retarget_io.o
    0x08002386   0x08002386   0x00000002   PAD
    0x08002388   0x08002388   0x0000004a   Code   RO          645    .text._sys_flen     retarget_io.o
    0x080023d2   0x080023d2   0x00000002   PAD
    0x080023d4   0x080023d4   0x00000048   Code   RO          641    .text._sys_istty    retarget_io.o
    0x0800241c   0x0800241c   0x00000084   Code   RO          633    .text._sys_open     retarget_io.o
    0x080024a0   0x080024a0   0x00000052   Code   RO          643    .text._sys_seek     retarget_io.o
    0x080024f2   0x080024f2   0x00000002   PAD
    0x080024f4   0x080024f4   0x00000098   Code   RO          637    .text._sys_write    retarget_io.o
    0x0800258c   0x0800258c   0x00000086   Code   RO            2    .text.main          hardcoded_input.o
    0x08002612   0x08002612   0x00000002   PAD
    0x08002614   0x08002614   0x00000010   Code   RO          658    .text.stderr_putchar  stderr_itm.o
    0x08002624   0x08002624   0x00000010   Code   RO          681    .text.stdout_putchar  stdout_itm.o
    0x08002634   0x08002634   0x00000032   Code   RO          595    .text.uart_rx       uart.o
    0x08002666   0x08002666   0x0000003e   Code   RO         1211    CL$$btod_d2e        c_w.l(btod.o)
    0x080026a4   0x080026a4   0x00000046   Code   RO         1213    CL$$btod_d2e_denorm_low  c_w.l(btod.o)
    0x080026ea   0x080026ea   0x00000060   Code   RO         1212    CL$$btod_d2e_norm_op1  c_w.l(btod.o)
    0x0800274a   0x0800274a   0x00000002   PAD
    0x0800274c   0x0800274c   0x00000338   Code   RO         1221    CL$$btod_div_common  c_w.l(btod.o)
    0x08002a84   0x08002a84   0x000000dc   Code   RO         1218    CL$$btod_e2e        c_w.l(btod.o)
    0x08002b60   0x08002b60   0x0000002a   Code   RO         1215    CL$$btod_ediv       c_w.l(btod.o)
    0x08002b8a   0x08002b8a   0x0000002a   Code   RO         1214    CL$$btod_emul       c_w.l(btod.o)
    0x08002bb4   0x08002bb4   0x00000244   Code   RO         1220    CL$$btod_mult_common  c_w.l(btod.o)
    0x08002df8   0x08002df8   0x00000024   Code   RO          628    Checksum            bonus.o
    0x08002e1c   0x08002e1c   0x0000002a   Code   RO          621    Fibonacci           fibonacci.o
    0x08002e46   0x08002e46   0x00000002   PAD
    0x08002e48   0x08002e48   0x00000074   Code   RO          606    HASH_FUNC           hash.o
    0x08002ebc   0x08002ebc   0x0000003c   Code   RO          617    SumMod7             sum_mod.o
    0x08002ef8   0x08002ef8   0x00000030   Code   RO         1293    i.__ARM_fpclassify  m_wm.l(fpclassify.o)
    0x08002f28   0x08002f28   0x0000000e   Code   RO          920    i._is_digit         c_w.l(__printf_wp.o)
    0x08002f36   0x08002f36   0x0000001c   Code   RO         1155    i.fputc             c_w.l(fputc.o)
    0x08002f52   0x08002f52   0x00000002   PAD
    0x08002f54   0x08002f54   0x0000002c   Code   RO         1249    locale$$code        c_w.l(lc_numeric_c.o)
    0x08002f80   0x08002f80   0x0000002c   Code   RO         1314    locale$$code        c_w.l(lc_ctype_c.o)
    0x08002fac   0x08002fac   0x0000001a   Code   RO         1185    x$fpl$fpinit        fz_wm.l(fpinit.o)
    0x08002fc6   0x08002fc6   0x00000004   Code   RO         1016    x$fpl$printf1       fz_wm.l(printf1.o)
    0x08002fca   0x08002fca   0x00000004   Code   RO         1018    x$fpl$printf2       fz_wm.l(printf2.o)
    0x08002fce   0x08002fce   0x00000000   Code   RO         1024    x$fpl$usenofp       fz_wm.l(usenofp.o)
    0x08002fce   0x08002fce   0x00000002   PAD
    0x08002fd0   0x08002fd0   0x00000008   Data   RO          879    .constdata          c_w.l(_printf_wctomb.o)
    0x08002fd8   0x08002fd8   0x00000028   Data   RO          908    .constdata          c_w.l(_printf_hex_int_ll_ptr.o)
    0x08003000   0x08003000   0x00000011   Data   RO          928    .constdata          c_w.l(__printf_flags_ss_wp.o)
    0x08003011   0x08003011   0x00000026   Data   RO         1143    .constdata          c_w.l(_printf_fp_hex.o)
    0x08003037   0x08003037   0x00000001   PAD
    0x08003038   0x08003038   0x00000094   Data   RO         1209    .constdata          c_w.l(bigflt0.o)
    0x080030cc   0x080030cc   0x00000008   Data   RO          649    .rodata.__stderr_name  retarget_io.o
    0x080030d4   0x080030d4   0x00000007   Data   RO          647    .rodata.__stdin_name  retarget_io.o
    0x080030db   0x080030db   0x00000008   Data   RO          648    .rodata.__stdout_name  retarget_io.o
    0x080030e3   0x080030e3   0x0000005f   Data   RO            4    .rodata.str1.1      hardcoded_input.o
    0x08003142   0x08003142   0x00000017   Data   RO          650    .rodata.str1.1      retarget_io.o
    0x08003159   0x08003159   0x00000003   PAD
    0x0800315c   0x0800315c   0x00000020   Data   RO         1370    Region$$Table       anon$$obj.o
    0x0800317c   0x0800317c   0x0000001c   Data   RO         1248    locale$$data        c_w.l(lc_numeric_c.o)
    0x08003198   0x08003198   0x00000110   Data   RO         1313    locale$$data        c_w.l(lc_ctype_c.o)


    Execution Region ER_RW (Exec base: 0x20000000, Load base: 0x080032a8, Size: 0x00000014, Max: 0xffffffff, ABSOLUTE)

    Exec Addr    Load Addr    Size         Type   Attr      Idx    E Section Name        Object

    0x20000000   0x080032a8   0x00000004   Data   RW          956    .data               c_w.l(stdio_streams.o)
    0x20000004   0x080032ac   0x00000004   Data   RW          957    .data               c_w.l(stdio_streams.o)
    0x20000008   0x080032b0   0x00000004   Data   RW          958    .data               c_w.l(stdio_streams.o)
    0x2000000c   0x080032b4   0x00000004   Data   RW          629    CHECKSUM_DATA       bonus.o
    0x20000010   0x080032b8   0x00000004   Data   RW          618    REDUCTION_DATA      sum_mod.o


    Execution Region ER_ZI (Exec base: 0x20000018, Load base: 0x080032bc, Size: 0x00000778, Max: 0xffffffff, ABSOLUTE)

    Exec Addr    Load Addr    Size         Type   Attr      Idx    E Section Name        Object

    0x20000018        -       0x00000054   Zero   RW          953    .bss                c_w.l(stdio_streams.o)
    0x2000006c        -       0x00000054   Zero   RW          954    .bss                c_w.l(stdio_streams.o)
    0x200000c0        -       0x00000054   Zero   RW          955    .bss                c_w.l(stdio_streams.o)
    0x20000114        -       0x00000060   Zero   RW         1109    .bss                c_w.l(libspace.o)
    0x20000174        -       0x00000004   Zero   RW          149    .bss.GPIO_callback  gpio.o
    0x20000178        -       0x00000004   Zero   RW          147    .bss.IRQ_pin_index  gpio.o
    0x2000017c        -       0x00000004   Zero   RW          146    .bss.IRQ_port_num   gpio.o
    0x20000180        -       0x00000004   Zero   RW          145    .bss.IRQ_status     gpio.o
    0x20000184        -       0x00000004   Zero   RW          599    .bss.UART_callback  uart.o
    0x20000188        -       0x00000004   Zero   RW          570    .bss.timer_callback  timer.o
    0x2000018c   0x080032bc   0x00000004   PAD
    0x20000190        -       0x00000200   Zero   RW          692    HEAP                startup_stm32f411xe.o
    0x20000390        -       0x00000400   Zero   RW          691    STACK               startup_stm32f411xe.o


==============================================================================

Image component sizes


      Code (inc. data)   RO Data    RW Data    ZI Data      Debug   Object Name

        36          6          0          4          0        212   bonus.o
        42          0          0          0          0        228   fibonacci.o
       972          0          0          0         16       9812   gpio.o
       134          0         95          0          0        777   hardcoded_input.o
       116         16          0          0          0        280   hash.o
       586          0         46          0          0       2554   retarget_io.o
        64         26        408          0       1536        856   startup_stm32f411xe.o
        84          0          0          0          0       1590   stderr_itm.o
        84          0          0          0          0       1590   stdout_itm.o
        82          0          0          0          0       7022   stm32f4xx_usart.o
        60          6          0          4          0        224   sum_mod.o
        18          0          0          0          0       2787   system_stm32f4xx.o
        16          0          0          0          4       4862   timer.o
       152          0          0          0          4       6174   uart.o

    ----------------------------------------------------------------------
      2462         54        584          8       1564      38968   Object Totals
         0          0         32          0          0          0   (incl. Generated)
        16          0          3          0          4          0   (incl. Padding)

    ----------------------------------------------------------------------

      Code (inc. data)   RO Data    RW Data    ZI Data      Debug   Library Member Name

         8          0          0          0          0         68   __main.o
       392          4         17          0          0         92   __printf_flags_ss_wp.o
        14          0          0          0          0         68   __printf_wp.o
         0          0          0          0          0          0   __rtentry.o
        12          0          0          0          0          0   __rtentry2.o
         6          0          0          0          0          0   __rtentry4.o
        94          8          0          0          0          0   __scatter.o
        26          0          0          0          0          0   __scatter_copy.o
        28          0          0          0          0          0   __scatter_zi.o
        72          0          0          0          0         96   _c16rtomb.o
         6          0          0          0          0          0   _printf_a.o
         6          0          0          0          0          0   _printf_c.o
        44          0          0          0          0        108   _printf_char.o
        48          6          0          0          0         96   _printf_char_common.o
        36          4          0          0          0         80   _printf_char_file.o
        40          0          0          0          0         68   _printf_charcount.o
         6          0          0          0          0          0   _printf_d.o
       120         16          0          0          0         92   _printf_dec.o
         6          0          0          0          0          0   _printf_e.o
         6          0          0          0          0          0   _printf_f.o
      1052          0          0          0          0        148   _printf_fp_dec.o
       764          8         38          0          0        100   _printf_fp_hex.o
       128         16          0          0          0         84   _printf_fp_infnan.o
         6          0          0          0          0          0   _printf_g.o
       148          4         40          0          0        160   _printf_hex_int_ll_ptr.o
         6          0          0          0          0          0   _printf_i.o
       178          0          0          0          0         88   _printf_intcommon.o
        10          0          0          0          0          0   _printf_l.o
         6          0          0          0          0          0   _printf_lc.o
        10          0          0          0          0          0   _printf_ll.o
         6          0          0          0          0          0   _printf_lld.o
         6          0          0          0          0          0   _printf_lli.o
         6          0          0          0          0          0   _printf_llo.o
         6          0          0          0          0          0   _printf_llu.o
         6          0          0          0          0          0   _printf_llx.o
       124         16          0          0          0         92   _printf_longlong_dec.o
         6          0          0          0          0          0   _printf_ls.o
         6          0          0          0          0          0   _printf_n.o
         6          0          0          0          0          0   _printf_o.o
       112          8          0          0          0        124   _printf_oct_int_ll.o
         6          0          0          0          0          0   _printf_p.o
        78          0          0          0          0        108   _printf_pad.o
         0          0          0          0          0          0   _printf_percent.o
         4          0          0          0          0          0   _printf_percent_end.o
         6          0          0          0          0          0   _printf_s.o
        82          0          0          0          0         80   _printf_str.o
        36          0          0          0          0         84   _printf_truncate.o
         6          0          0          0          0          0   _printf_u.o
        44          0          0          0          0        108   _printf_wchar.o
       188          6          8          0          0         92   _printf_wctomb.o
         6          0          0          0          0          0   _printf_x.o
       228          4        148          0          0         96   bigflt0.o
      1936        128          0          0          0        668   btod.o
        10          0          0          0          0         68   defsig_exit.o
        50          0          0          0          0         88   defsig_general.o
        80         58          0          0          0         76   defsig_rtmem_inner.o
        14          0          0          0          0         80   defsig_rtmem_outer.o
        52         38          0          0          0         76   defsig_rtred_inner.o
        14          0          0          0          0         80   defsig_rtred_outer.o
        18          0          0          0          0         80   exit.o
        76          0          0          0          0         88   fclose.o
         8          0          0          0          0         68   ferror.o
       482          0          0          0          0         92   flsbuf.o
       240          6          0          0          0        128   fopen.o
        28          0          0          0          0         68   fputc.o
       248          6          0          0          0         84   fseek.o
        66          0          0          0          0         76   ftell.o
        94          0          0          0          0         80   h1_alloc.o
        52          0          0          0          0         68   h1_extend.o
        78          0          0          0          0         80   h1_free.o
        12          0          0          0          0         84   h1_init.o
         6          0          0          0          0        152   heapauxi.o
         4          0          0          0          0        136   hguard.o
         0          0          0          0          0          0   indicate_semi.o
       138          0          0          0          0        168   init_alloc.o
       312         46          0          0          0        112   initio.o
        44         10        272          0          0         76   lc_ctype_c.o
        44         10         28          0          0         76   lc_numeric_c.o
         2          0          0          0          0          0   libinit.o
        46          0          0          0          0          0   libinit2.o
         2          0          0          0          0          0   libshutdown.o
         6          0          0          0          0          0   libshutdown2.o
         8          4          0          0         96         68   libspace.o
       138          0          0          0          0         80   lludiv10.o
         0          0          0          0          0          0   maybetermalloc1.o
        24          4          0          0          0         84   printf.o
        16          4          0          0          0         76   rt_ctype_table.o
         8          4          0          0          0         68   rt_errno_addr_intlibspace.o
         8          4          0          0          0         68   rt_heap_descriptor_intlibspace.o
         8          4          0          0          0         68   rt_locale_intlibspace.o
        78          0          0          0          0         80   rt_memclr_w.o
         2          0          0          0          0          0   rtexit.o
        10          0          0          0          0          0   rtexit2.o
        70          0          0          0          0         80   setvbuf.o
       264          6          0          0          0        160   stdio.o
         0          0          0         12        252          0   stdio_streams.o
       124          0          0          0          0         88   strcmpv7em.o
        12          4          0          0          0         68   sys_exit.o
        74          0          0          0          0         80   sys_stackheap_outer.o
        14          0          0          0          0         76   sys_wrch.o
         2          0          0          0          0         68   use_no_semi.o
        26          0          0          0          0        116   fpinit.o
         4          0          0          0          0        116   printf1.o
         4          0          0          0          0        116   printf2.o
         0          0          0          0          0          0   usenofp.o
        48          0          0          0          0        124   fpclassify.o

    ----------------------------------------------------------------------
      9370        436        552         12        348       6668   Library Totals
        20          0          1          0          0          0   (incl. Padding)

    ----------------------------------------------------------------------

      Code (inc. data)   RO Data    RW Data    ZI Data      Debug   Library Name

      9268        436        551         12        348       6196   c_w.l
        34          0          0          0          0        348   fz_wm.l
        48          0          0          0          0        124   m_wm.l

    ----------------------------------------------------------------------
      9370        436        552         12        348       6668   Library Totals

    ----------------------------------------------------------------------

==============================================================================


      Code (inc. data)   RO Data    RW Data    ZI Data      Debug   

     11832        490       1136         20       1912      41912   Grand Totals
     11832        490       1136         20       1912      41912   ELF Image Totals
     11832        490       1136         20          0          0   ROM Totals

==============================================================================

    Total RO  Size (Code + RO Data)                12968 (  12.66kB)
    Total RW  Size (RW Data + ZI Data)              1932 (   1.89kB)
    Total ROM Size (Code + RO Data + RW Data)      12988 (  12.68kB)

==============================================================================

